Component: ARM Compiler 5.06 update 7 (build 960) Tool: armlink [4d3601]

==============================================================================

Section Cross References

    startup_stm32f746xx.o(RESET) refers to startup_stm32f746xx.o(STACK) for __initial_sp
    startup_stm32f746xx.o(RESET) refers to startup_stm32f746xx.o(.text) for Reset_Handler
    startup_stm32f746xx.o(RESET) refers to stm32f7xx_it.o(i.SysTick_Handler) for SysTick_Handler
    startup_stm32f746xx.o(RESET) refers to stm32f7xx_it.o(i.DMA1_Stream4_IRQHandler) for DMA1_Stream4_IRQHandler
    startup_stm32f746xx.o(RESET) refers to main.o(i.TIM2_IRQHandler) for TIM2_IRQHandler
    startup_stm32f746xx.o(RESET) refers to main.o(i.TIM5_IRQHandler) for TIM5_IRQHandler
    startup_stm32f746xx.o(RESET) refers to main.o(i.SAI2_IRQHandler) for SAI2_IRQHandler
    startup_stm32f746xx.o(.text) refers to system_stm32f7xx.o(i.SystemInit) for SystemInit
    startup_stm32f746xx.o(.text) refers to entry.o(.ARM.Collect$$$$00000000) for __main
    stm32746g_discovery.o(i.AUDIO_IO_Delay) refers to stm32f7xx_hal.o(i.HAL_Delay) for HAL_Delay
    stm32746g_discovery.o(i.AUDIO_IO_Init) refers to stm32746g_discovery.o(i.I2Cx_Init) for I2Cx_Init
    stm32746g_discovery.o(i.AUDIO_IO_Init) refers to stm32746g_discovery.o(.bss) for .bss
    stm32746g_discovery.o(i.AUDIO_IO_Read) refers to stm32746g_discovery.o(i.I2Cx_ReadMultiple) for I2Cx_ReadMultiple
    stm32746g_discovery.o(i.AUDIO_IO_Read) refers to stm32746g_discovery.o(.bss) for .bss
    stm32746g_discovery.o(i.AUDIO_IO_Write) refers to stm32746g_discovery.o(i.I2Cx_WriteMultiple) for I2Cx_WriteMultiple
    stm32746g_discovery.o(i.AUDIO_IO_Write) refers to stm32746g_discovery.o(.bss) for .bss
    stm32746g_discovery.o(i.BSP_LED_DeInit) refers to stm32f7xx_hal_gpio.o(i.HAL_GPIO_WritePin) for HAL_GPIO_WritePin
    stm32746g_discovery.o(i.BSP_LED_DeInit) refers to stm32f7xx_hal_gpio.o(i.HAL_GPIO_DeInit) for HAL_GPIO_DeInit
    stm32746g_discovery.o(i.BSP_LED_DeInit) refers to stm32746g_discovery.o(.constdata) for .constdata
    stm32746g_discovery.o(i.BSP_LED_Init) refers to stm32f7xx_hal_gpio.o(i.HAL_GPIO_Init) for HAL_GPIO_Init
    stm32746g_discovery.o(i.BSP_LED_Init) refers to stm32f7xx_hal_gpio.o(i.HAL_GPIO_WritePin) for HAL_GPIO_WritePin
    stm32746g_discovery.o(i.BSP_LED_Init) refers to stm32746g_discovery.o(.constdata) for .constdata
    stm32746g_discovery.o(i.BSP_LED_Off) refers to stm32f7xx_hal_gpio.o(i.HAL_GPIO_WritePin) for HAL_GPIO_WritePin
    stm32746g_discovery.o(i.BSP_LED_Off) refers to stm32746g_discovery.o(.constdata) for .constdata
    stm32746g_discovery.o(i.BSP_LED_On) refers to stm32f7xx_hal_gpio.o(i.HAL_GPIO_WritePin) for HAL_GPIO_WritePin
    stm32746g_discovery.o(i.BSP_LED_On) refers to stm32746g_discovery.o(.constdata) for .constdata
    stm32746g_discovery.o(i.BSP_LED_Toggle) refers to stm32f7xx_hal_gpio.o(i.HAL_GPIO_TogglePin) for HAL_GPIO_TogglePin
    stm32746g_discovery.o(i.BSP_LED_Toggle) refers to stm32746g_discovery.o(.constdata) for .constdata
    stm32746g_discovery.o(i.BSP_PB_DeInit) refers to stm32f7xx_hal_cortex.o(i.HAL_NVIC_DisableIRQ) for HAL_NVIC_DisableIRQ
    stm32746g_discovery.o(i.BSP_PB_DeInit) refers to stm32f7xx_hal_gpio.o(i.HAL_GPIO_DeInit) for HAL_GPIO_DeInit
    stm32746g_discovery.o(i.BSP_PB_DeInit) refers to stm32746g_discovery.o(.constdata) for .constdata
    stm32746g_discovery.o(i.BSP_PB_DeInit) refers to stm32746g_discovery.o(.data) for .data
    stm32746g_discovery.o(i.BSP_PB_GetState) refers to stm32f7xx_hal_gpio.o(i.HAL_GPIO_ReadPin) for HAL_GPIO_ReadPin
    stm32746g_discovery.o(i.BSP_PB_GetState) refers to stm32746g_discovery.o(.constdata) for .constdata
    stm32746g_discovery.o(i.BSP_PB_GetState) refers to stm32746g_discovery.o(.data) for .data
    stm32746g_discovery.o(i.BSP_PB_Init) refers to stm32f7xx_hal_gpio.o(i.HAL_GPIO_Init) for HAL_GPIO_Init
    stm32746g_discovery.o(i.BSP_PB_Init) refers to stm32f7xx_hal_cortex.o(i.HAL_NVIC_SetPriority) for HAL_NVIC_SetPriority
    stm32746g_discovery.o(i.BSP_PB_Init) refers to stm32f7xx_hal_cortex.o(i.HAL_NVIC_EnableIRQ) for HAL_NVIC_EnableIRQ
    stm32746g_discovery.o(i.BSP_PB_Init) refers to stm32746g_discovery.o(.constdata) for .constdata
    stm32746g_discovery.o(i.BSP_PB_Init) refers to stm32746g_discovery.o(.data) for .data
    stm32746g_discovery.o(i.CAMERA_Delay) refers to stm32f7xx_hal.o(i.HAL_Delay) for HAL_Delay
    stm32746g_discovery.o(i.CAMERA_IO_Init) refers to stm32746g_discovery.o(i.I2Cx_Init) for I2Cx_Init
    stm32746g_discovery.o(i.CAMERA_IO_Init) refers to stm32746g_discovery.o(.bss) for .bss
    stm32746g_discovery.o(i.CAMERA_IO_Read) refers to stm32746g_discovery.o(i.I2Cx_ReadMultiple) for I2Cx_ReadMultiple
    stm32746g_discovery.o(i.CAMERA_IO_Read) refers to stm32746g_discovery.o(.bss) for .bss
    stm32746g_discovery.o(i.CAMERA_IO_Write) refers to stm32746g_discovery.o(i.I2Cx_WriteMultiple) for I2Cx_WriteMultiple
[...]
    0x08000566   0x08000566   0x0000002c   Code   RO        12203    .text               mc_w.l(uidiv.o)
    0x08000592   0x08000592   0x00000062   Code   RO        12205    .text               mc_w.l(uldiv.o)
    0x080005f4   0x080005f4   0x0000001e   Code   RO        12207    .text               mc_w.l(llshl.o)
    0x08000612   0x08000612   0x00000024   Code   RO        12209    .text               mc_w.l(llsshr.o)
    0x08000636   0x08000636   0x00000000   Code   RO        12211    .text               mc_w.l(iusefp.o)
    0x08000636   0x08000636   0x0000006e   Code   RO        12212    .text               mf_w.l(fepilogue.o)
    0x080006a4   0x080006a4   0x000000ba   Code   RO        12214    .text               mf_w.l(depilogue.o)
    0x0800075e   0x0800075e   0x000000de   Code   RO        12216    .text               mf_w.l(ddiv.o)
    0x0800083c   0x0800083c   0x00000030   Code   RO        12218    .text               mf_w.l(dfixul.o)
    0x0800086c   0x0800086c   0x00000030   Code   RO        12220    .text               mf_w.l(cdrcmple.o)
    0x0800089c   0x0800089c   0x00000024   Code   RO        12222    .text               mc_w.l(init.o)
    0x080008c0   0x080008c0   0x00000020   Code   RO        12225    .text               mc_w.l(llushr.o)
    0x080008e0   0x080008e0   0x00000056   Code   RO        12236    .text               mc_w.l(__dczerorl2.o)
    0x08000936   0x08000936   0x00000002   PAD
    0x08000938   0x08000938   0x00000138   Code   RO         6170    i.ADC_Init          stm32f7xx_hal_adc.o
    0x08000a70   0x08000a70   0x00000002   Code   RO           13    i.AUDIO_IO_DeInit   stm32746g_discovery.o
    0x08000a72   0x08000a72   0x00000004   Code   RO           14    i.AUDIO_IO_Delay    stm32746g_discovery.o
    0x08000a76   0x08000a76   0x00000002   PAD
    0x08000a78   0x08000a78   0x0000000c   Code   RO           15    i.AUDIO_IO_Init     stm32746g_discovery.o
    0x08000a84   0x08000a84   0x00000038   Code   RO           16    i.AUDIO_IO_Read     stm32746g_discovery.o
    0x08000abc   0x08000abc   0x00000034   Code   RO           17    i.AUDIO_IO_Write    stm32746g_discovery.o
    0x08000af0   0x08000af0   0x00000040   Code   RO          356    i.BSP_LCD_Clear     stm32746g_discovery_lcd.o
    0x08000b30   0x08000b30   0x0000001c   Code   RO          358    i.BSP_LCD_ClockConfig  stm32746g_discovery_lcd.o
    0x08000b4c   0x08000b4c   0x00000038   Code   RO          360    i.BSP_LCD_DisplayChar  stm32746g_discovery_lcd.o
    0x08000b84   0x08000b84   0x00000020   Code   RO          362    i.BSP_LCD_DisplayOn  stm32746g_discovery_lcd.o
    0x08000ba4   0x08000ba4   0x00000130   Code   RO          363    i.BSP_LCD_DisplayStringAt  stm32746g_discovery_lcd.o
    0x08000cd4   0x08000cd4   0x00000050   Code   RO          368    i.BSP_LCD_DrawHLine  stm32746g_discovery_lcd.o
    0x08000d24   0x08000d24   0x000000d8   Code   RO          369    i.BSP_LCD_DrawLine  stm32746g_discovery_lcd.o
    0x08000dfc   0x08000dfc   0x0000002c   Code   RO          370    i.BSP_LCD_DrawPixel  stm32746g_discovery_lcd.o
    0x08000e28   0x08000e28   0x00000040   Code   RO          372    i.BSP_LCD_DrawRect  stm32746g_discovery_lcd.o
    0x08000e68   0x08000e68   0x0000005c   Code   RO          373    i.BSP_LCD_DrawVLine  stm32746g_discovery_lcd.o
    0x08000ec4   0x08000ec4   0x00000070   Code   RO          377    i.BSP_LCD_FillRect  stm32746g_discovery_lcd.o
    0x08000f34   0x08000f34   0x00000020   Code   RO          381    i.BSP_LCD_GetXSize  stm32746g_discovery_lcd.o
    0x08000f54   0x08000f54   0x00000020   Code   RO          382    i.BSP_LCD_GetYSize  stm32746g_discovery_lcd.o
    0x08000f74   0x08000f74   0x00000098   Code   RO          383    i.BSP_LCD_Init      stm32746g_discovery_lcd.o
    0x0800100c   0x0800100c   0x0000007c   Code   RO          384    i.BSP_LCD_LayerDefaultInit  stm32746g_discovery_lcd.o
    0x08001088   0x08001088   0x00000138   Code   RO          387    i.BSP_LCD_MspInit   stm32746g_discovery_lcd.o
    0x080011c0   0x080011c0   0x0000000c   Code   RO          390    i.BSP_LCD_SelectLayer  stm32746g_discovery_lcd.o
    0x080011cc   0x080011cc   0x0000001c   Code   RO          391    i.BSP_LCD_SetBackColor  stm32746g_discovery_lcd.o
    0x080011e8   0x080011e8   0x0000001c   Code   RO          393    i.BSP_LCD_SetFont   stm32746g_discovery_lcd.o
    0x08001204   0x08001204   0x00000018   Code   RO          397    i.BSP_LCD_SetTextColor  stm32746g_discovery_lcd.o
    0x0800121c   0x0800121c   0x0000000c   Code   RO          398    i.BSP_LCD_SetTransparency  stm32746g_discovery_lcd.o
    0x08001228   0x08001228   0x00000054   Code   RO          816    i.BSP_QSPI_EnableMemoryMappedMode  stm32746g_discovery_qspi.o
    0x0800127c   0x0800127c   0x00000074   Code   RO          821    i.BSP_QSPI_Init     stm32746g_discovery_qspi.o
    0x080012f0   0x080012f0   0x00000120   Code   RO          823    i.BSP_QSPI_MspInit  stm32746g_discovery_qspi.o
    0x08001410   0x08001410   0x00000080   Code   RO          730    i.BSP_SDRAM_Init    stm32746g_discovery_sdram.o
    0x08001490   0x08001490   0x00000090   Code   RO          731    i.BSP_SDRAM_Initialization_sequence  stm32746g_discovery_sdram.o
    0x08001520   0x08001520   0x00000164   Code   RO          733    i.BSP_SDRAM_MspInit  stm32746g_discovery_sdram.o
    0x08001684   0x08001684   0x0000000c   Code   RO         7415    i.BSP_SD_GetCardInfo  bsp_driver_sd.o
    0x08001690   0x08001690   0x00000018   Code   RO         7416    i.BSP_SD_GetCardState  bsp_driver_sd.o
    0x080016a8   0x080016a8   0x00000030   Code   RO         7418    i.BSP_SD_Init       bsp_driver_sd.o
    0x080016d8   0x080016d8   0x0000000e   Code   RO         7419    i.BSP_SD_IsDetected  bsp_driver_sd.o
    0x080016e6   0x080016e6   0x00000002   PAD
    0x080016e8   0x080016e8   0x00000020   Code   RO         7420    i.BSP_SD_ReadBlocks  bsp_driver_sd.o
    0x08001708   0x08001708   0x00000020   Code   RO         7422    i.BSP_SD_WriteBlocks  bsp_driver_sd.o
    0x08001728   0x08001728   0x00000034   Code   RO         6395    i.CLEAR_SEQUNCE_MEMORY  main.o
    0x0800175c   0x0800175c   0x0000000a   Code   RO         7816    i.CODEC_IO_Write    wm8994.o
    0x08001766   0x08001766   0x00000002   PAD
    0x08001768   0x08001768   0x00000140   Code   RO         6396    i.COLOR_SET         main.o
    0x080018a8   0x080018a8   0x00000040   Code   RO         6397    i.CREATE_GUI_STYLE_COLOR  main.o
    0x080018e8   0x080018e8   0x00000040   Code   RO         6398    i.CREATE_PIC_COLOR  main.o
    0x08001928   0x08001928   0x00000054   Code   RO         6400    i.DAC_Init_and_Start  main.o
    0x0800197c   0x0800197c   0x0000000c   Code   RO         6337    i.DMA1_Stream4_IRQHandler  stm32f7xx_it.o
    0x08001988   0x08001988   0x000000c0   Code   RO         2827    i.DMA2D_SetConfig   stm32f7xx_hal_dma2d.o
    0x08001a48   0x08001a48   0x00000034   Code   RO         3469    i.DMA_CalcBaseAndBitshift  stm32f7xx_hal_dma.o
    0x08001a7c   0x08001a7c   0x0000007e   Code   RO         3470    i.DMA_CheckFifoParam  stm32f7xx_hal_dma.o
    0x08001afa   0x08001afa   0x0000003e   Code   RO         3471    i.DMA_SetConfig     stm32f7xx_hal_dma.o
    0x08001b38   0x08001b38   0x0000052c   Code   RO         6401    i.DRAW_EPD_SELECTOR  main.o
    0x08002064   0x08002064   0x00000154   Code   RO         6402    i.DRAW_EPRD_SELECTOR  main.o
    0x080021b8   0x080021b8   0x000000dc   Code   RO          401    i.DrawChar          stm32746g_discovery_lcd.o
    0x08002294   0x08002294   0x000001bc   Code   RO         6403    i.DrawLOGO          main.o
    0x08002450   0x08002450   0x000003a4   Code   RO         6404    i.DrawLoopShot      main.o
    0x080027f4   0x080027f4   0x00000b60   Code   RO         6405    i.Draw_Static_Pads  main.o
    0x08003354   0x08003354   0x000002d8   Code   RO         6406    i.EPD_PARAMETER     main.o
    0x0800362c   0x0800362c   0x00000254   Code   RO         6407    i.EPD_PROMPT        main.o
    0x08003880   0x08003880   0x000000ec   Code   RO         6408    i.EPRD_PROMPT       main.o
    0x0800396c   0x0800396c   0x00000010   Code   RO         5254    i.ETH_DMAReceptionEnable  stm32f7xx_hal_eth.o
    0x0800397c   0x0800397c   0x00000010   Code   RO         5256    i.ETH_DMATransmissionEnable  stm32f7xx_hal_eth.o
    0x0800398c   0x0800398c   0x0000002e   Code   RO         5257    i.ETH_FlushTransmitFIFO  stm32f7xx_hal_eth.o
    0x080039ba   0x080039ba   0x0000002a   Code   RO         5258    i.ETH_MACAddressConfig  stm32f7xx_hal_eth.o
    0x080039e4   0x080039e4   0x00000194   Code   RO         5259    i.ETH_MACDMAConfig  stm32f7xx_hal_eth.o
    0x08003b78   0x08003b78   0x00000022   Code   RO         5261    i.ETH_MACReceptionEnable  stm32f7xx_hal_eth.o
    0x08003b9a   0x08003b9a   0x00000022   Code   RO         5263    i.ETH_MACTransmissionEnable  stm32f7xx_hal_eth.o
    0x08003bbc   0x08003bbc   0x00000006   Code   RO         8960    i.FATFS_LinkDriver  ff_gen_drv.o
    0x08003bc2   0x08003bc2   0x00000002   PAD
    0x08003bc4   0x08003bc4   0x00000048   Code   RO         8961    i.FATFS_LinkDriverEx  ff_gen_drv.o
    0x08003c0c   0x08003c0c   0x00000062   Code   RO         3334    i.FMC_SDRAM_Init    stm32f7xx_ll_fmc.o
    0x08003c6e   0x08003c6e   0x0000000c   Code   RO         3335    i.FMC_SDRAM_ProgramRefreshRate  stm32f7xx_ll_fmc.o
    0x08003c7a   0x08003c7a   0x00000050   Code   RO         3336    i.FMC_SDRAM_SendCommand  stm32f7xx_ll_fmc.o
    0x08003cca   0x08003cca   0x00000086   Code   RO         3338    i.FMC_SDRAM_Timing_Init  stm32f7xx_ll_fmc.o
    0x08003d50   0x08003d50   0x000000c8   Code   RO          402    i.FillTriangle      stm32746g_discovery_lcd.o
    0x08003e18   0x08003e18   0x00000084   Code   RO          403    i.ForceDrawVLine    stm32746g_discovery_lcd.o
    0x08003e9c   0x08003e9c   0x00000064   Code   RO         6409    i.GET_SD_INFO       main.o
    0x08003f00   0x08003f00   0x00000190   Code   RO         6172    i.HAL_ADC_ConfigChannel  stm32f7xx_hal_adc.o
    0x08004090   0x08004090   0x00000006   Code   RO         6179    i.HAL_ADC_GetValue  stm32f7xx_hal_adc.o
    0x08004096   0x08004096   0x00000056   Code   RO         6181    i.HAL_ADC_Init      stm32f7xx_hal_adc.o
    0x080040ec   0x080040ec   0x000000ac   Code   RO         8383    i.HAL_ADC_MspInit   adc.o
    0x08004198   0x08004198   0x000000e4   Code   RO         6187    i.HAL_ADC_Start     stm32f7xx_hal_adc.o
    0x0800427c   0x0800427c   0x000000d0   Code   RO         2839    i.HAL_DMA2D_ConfigLayer  stm32f7xx_hal_dma2d.o
    0x0800434c   0x0800434c   0x0000005c   Code   RO         2847    i.HAL_DMA2D_Init    stm32f7xx_hal_dma2d.o
    0x080043a8   0x080043a8   0x00000028   Code   RO         7574    i.HAL_DMA2D_MspInit  dma2d.o
    0x080043d0   0x080043d0   0x0000015e   Code   RO         2851    i.HAL_DMA2D_PollForTransfer  stm32f7xx_hal_dma2d.o
    0x0800452e   0x0800452e   0x0000003a   Code   RO         2854    i.HAL_DMA2D_Start   stm32f7xx_hal_dma2d.o
    0x08004568   0x08004568   0x000000a2   Code   RO         3472    i.HAL_DMA_Abort     stm32f7xx_hal_dma.o
    0x0800460a   0x0800460a   0x00000024   Code   RO         3473    i.HAL_DMA_Abort_IT  stm32f7xx_hal_dma.o
    0x0800462e   0x0800462e   0x0000005e   Code   RO         3474    i.HAL_DMA_DeInit    stm32f7xx_hal_dma.o
    0x0800468c   0x0800468c   0x000001f4   Code   RO         3477    i.HAL_DMA_IRQHandler  stm32f7xx_hal_dma.o
    0x08004880   0x08004880   0x000000ec   Code   RO         3478    i.HAL_DMA_Init      stm32f7xx_hal_dma.o
    0x0800496c   0x0800496c   0x0000007a   Code   RO         3482    i.HAL_DMA_Start_IT  stm32f7xx_hal_dma.o
    0x080049e6   0x080049e6   0x00000016   Code   RO         3618    i.HAL_Delay         stm32f7xx_hal.o
    0x080049fc   0x080049fc   0x00000080   Code   RO         5266    i.HAL_ETH_DMARxDescListInit  stm32f7xx_hal_eth.o
    0x08004a7c   0x08004a7c   0x0000008e   Code   RO         5267    i.HAL_ETH_DMATxDescListInit  stm32f7xx_hal_eth.o
    0x08004b0a   0x08004b0a   0x0000008a   Code   RO         5270    i.HAL_ETH_GetReceivedFrame  stm32f7xx_hal_eth.o
    0x08004b94   0x08004b94   0x00000270   Code   RO         5274    i.HAL_ETH_Init      stm32f7xx_hal_eth.o
    0x08004e04   0x08004e04   0x0000009c   Code   RO         8223    i.HAL_ETH_MspInit   ethernetif.o
    0x08004ea0   0x08004ea0   0x0000008c   Code   RO         5277    i.HAL_ETH_ReadPHYRegister  stm32f7xx_hal_eth.o
    0x08004f2c   0x08004f2c   0x00000046   Code   RO         5279    i.HAL_ETH_Start     stm32f7xx_hal_eth.o
    0x08004f72   0x08004f72   0x00000136   Code   RO         5281    i.HAL_ETH_TransmitFrame  stm32f7xx_hal_eth.o
    0x080050a8   0x080050a8   0x00000084   Code   RO         5283    i.HAL_ETH_WritePHYRegister  stm32f7xx_hal_eth.o
    0x0800512c   0x0800512c   0x000000d0   Code   RO         7658    i.HAL_FMC_MspInit   fmc.o
    0x080051fc   0x080051fc   0x00000188   Code   RO         3253    i.HAL_GPIO_DeInit   stm32f7xx_hal_gpio.o
    0x08005384   0x08005384   0x00000240   Code   RO         3256    i.HAL_GPIO_Init     stm32f7xx_hal_gpio.o
    0x080055c4   0x080055c4   0x0000000e   Code   RO         3258    i.HAL_GPIO_ReadPin  stm32f7xx_hal_gpio.o
    0x080055d2   0x080055d2   0x0000000e   Code   RO         3260    i.HAL_GPIO_WritePin  stm32f7xx_hal_gpio.o
    0x080055e0   0x080055e0   0x0000000c   Code   RO         3626    i.HAL_GetTick       stm32f7xx_hal.o
    0x080055ec   0x080055ec   0x0000005a   Code   RO         1884    i.HAL_I2CEx_ConfigAnalogFilter  stm32f7xx_hal_i2c_ex.o
    0x08005646   0x08005646   0x00000056   Code   RO         1885    i.HAL_I2CEx_ConfigDigitalFilter  stm32f7xx_hal_i2c_ex.o
    0x0800569c   0x0800569c   0x00000036   Code   RO          971    i.HAL_I2C_DeInit    stm32f7xx_hal_i2c.o
    0x080056d2   0x080056d2   0x00000006   Code   RO          979    i.HAL_I2C_GetState  stm32f7xx_hal_i2c.o
    0x080056d8   0x080056d8   0x000000be   Code   RO          980    i.HAL_I2C_Init      stm32f7xx_hal_i2c.o
    0x08005796   0x08005796   0x00000002   PAD
    0x08005798   0x08005798   0x000001c4   Code   RO          996    i.HAL_I2C_Mem_Read  stm32f7xx_hal_i2c.o
    0x0800595c   0x0800595c   0x000001cc   Code   RO          999    i.HAL_I2C_Mem_Write  stm32f7xx_hal_i2c.o
    0x08005b28   0x08005b28   0x0000002c   Code   RO         7710    i.HAL_I2C_MspDeInit  i2c.o
    0x08005b54   0x08005b54   0x00000050   Code   RO         7711    i.HAL_I2C_MspInit   i2c.o
    0x08005ba4   0x08005ba4   0x00000010   Code   RO         3627    i.HAL_IncTick       stm32f7xx_hal.o
    0x08005bb4   0x08005bb4   0x00000016   Code   RO         3628    i.HAL_Init          stm32f7xx_hal.o
    0x08005bca   0x08005bca   0x00000002   PAD
    0x08005bcc   0x08005bcc   0x00000028   Code   RO         3629    i.HAL_InitTick      stm32f7xx_hal.o
    0x08005bf4   0x08005bf4   0x0000007c   Code   RO         3929    i.HAL_LTDC_ConfigLayer  stm32f7xx_hal_ltdc.o
    0x08005c70   0x08005c70   0x00000006   Code   RO         3944    i.HAL_LTDC_GetState  stm32f7xx_hal_ltdc.o
    0x08005c76   0x08005c76   0x00000002   PAD
    0x08005c78   0x08005c78   0x0000010c   Code   RO         3946    i.HAL_LTDC_Init     stm32f7xx_hal_ltdc.o
    0x08005d84   0x08005d84   0x000000b0   Code   RO         7616    i.HAL_LTDC_MspInit  ltdc.o
    0x08005e34   0x08005e34   0x00000044   Code   RO         3955    i.HAL_LTDC_SetAlpha  stm32f7xx_hal_ltdc.o
    0x08005e78   0x08005e78   0x00000058   Code   RO         6371    i.HAL_MspInit       stm32f7xx_hal_msp.o
    0x08005ed0   0x08005ed0   0x00000018   Code   RO         2702    i.HAL_NVIC_EnableIRQ  stm32f7xx_hal_cortex.o
    0x08005ee8   0x08005ee8   0x0000006c   Code   RO         2708    i.HAL_NVIC_SetPriority  stm32f7xx_hal_cortex.o
    0x08005f54   0x08005f54   0x00000024   Code   RO         2709    i.HAL_NVIC_SetPriorityGrouping  stm32f7xx_hal_cortex.o
    0x08005f78   0x08005f78   0x00000080   Code   RO         1798    i.HAL_PWREx_EnableOverDrive  stm32f7xx_hal_pwr_ex.o
    0x08005ff8   0x08005ff8   0x00000080   Code   RO         4997    i.HAL_QSPI_Abort    stm32f7xx_hal_qspi.o
    0x08006078   0x08006078   0x000000ac   Code   RO         5000    i.HAL_QSPI_AutoPolling  stm32f7xx_hal_qspi.o
    0x08006124   0x08006124   0x00000092   Code   RO         5003    i.HAL_QSPI_Command  stm32f7xx_hal_qspi.o
    0x080061b6   0x080061b6   0x0000003c   Code   RO         5005    i.HAL_QSPI_DeInit   stm32f7xx_hal_qspi.o
    0x080061f2   0x080061f2   0x00000002   PAD
    0x080061f4   0x080061f4   0x000000c0   Code   RO         5012    i.HAL_QSPI_Init     stm32f7xx_hal_qspi.o
    0x080062b4   0x080062b4   0x00000092   Code   RO         5013    i.HAL_QSPI_MemoryMapped  stm32f7xx_hal_qspi.o
    0x08006346   0x08006346   0x00000002   PAD
    0x08006348   0x08006348   0x00000048   Code   RO         8073    i.HAL_QSPI_MspDeInit  quadspi.o
    0x08006390   0x08006390   0x000000a0   Code   RO         8074    i.HAL_QSPI_MspInit  quadspi.o
    0x08006430   0x08006430   0x000000da   Code   RO         5016    i.HAL_QSPI_Receive  stm32f7xx_hal_qspi.o
    0x0800650a   0x0800650a   0x00000004   Code   RO         5022    i.HAL_QSPI_SetTimeout  stm32f7xx_hal_qspi.o
    0x0800650e   0x0800650e   0x000000d0   Code   RO         5025    i.HAL_QSPI_Transmit  stm32f7xx_hal_qspi.o
    0x080065de   0x080065de   0x00000002   PAD
    0x080065e0   0x080065e0   0x00000180   Code   RO         2017    i.HAL_RCCEx_GetPeriphCLKFreq  stm32f7xx_hal_rcc_ex.o
    0x08006760   0x08006760   0x0000071c   Code   RO         2018    i.HAL_RCCEx_PeriphCLKConfig  stm32f7xx_hal_rcc_ex.o
    0x08006e7c   0x08006e7c   0x000001b0   Code   RO         1915    i.HAL_RCC_ClockConfig  stm32f7xx_hal_rcc.o
    0x0800702c   0x0800702c   0x0000000c   Code   RO         1920    i.HAL_RCC_GetHCLKFreq  stm32f7xx_hal_rcc.o
    0x08007038   0x08007038   0x00000030   Code   RO         1922    i.HAL_RCC_GetPCLK1Freq  stm32f7xx_hal_rcc.o
    0x08007068   0x08007068   0x00000030   Code   RO         1923    i.HAL_RCC_GetPCLK2Freq  stm32f7xx_hal_rcc.o
    0x08007098   0x08007098   0x00000098   Code   RO         1924    i.HAL_RCC_GetSysClockFreq  stm32f7xx_hal_rcc.o
    0x08007130   0x08007130   0x000004bc   Code   RO         1927    i.HAL_RCC_OscConfig  stm32f7xx_hal_rcc.o
    0x080075ec   0x080075ec   0x0000006c   Code   RO         4732    i.HAL_SAI_Abort     stm32f7xx_hal_sai.o
    0x08007658   0x08007658   0x00000002   Code   RO         4741    i.HAL_SAI_ErrorCallback  stm32f7xx_hal_sai.o
    0x0800765a   0x0800765a   0x00000002   PAD
    0x0800765c   0x0800765c   0x0000019c   Code   RO         4744    i.HAL_SAI_IRQHandler  stm32f7xx_hal_sai.o
    0x080077f8   0x080077f8   0x000001e8   Code   RO         4745    i.HAL_SAI_Init      stm32f7xx_hal_sai.o
    0x080079e0   0x080079e0   0x00000080   Code   RO         7753    i.HAL_SAI_MspInit   sai.o
    0x08007a60   0x08007a60   0x0000012c   Code   RO         4754    i.HAL_SAI_Transmit  stm32f7xx_hal_sai.o
    0x08007b8c   0x08007b8c   0x000000a0   Code   RO         4756    i.HAL_SAI_Transmit_IT  stm32f7xx_hal_sai.o
    0x08007c2c   0x08007c2c   0x00000002   Code   RO         4757    i.HAL_SAI_TxCpltCallback  stm32f7xx_hal_sai.o
    0x08007c2e   0x08007c2e   0x00000044   Code   RO         3776    i.HAL_SDRAM_Init    stm32f7xx_hal_sdram.o
    0x08007c72   0x08007c72   0x00000004   Code   RO         7660    i.HAL_SDRAM_MspInit  fmc.o
    0x08007c76   0x08007c76   0x00000026   Code   RO         3779    i.HAL_SDRAM_ProgramRefreshRate  stm32f7xx_hal_sdram.o
    0x08007c9c   0x08007c9c   0x00000038   Code   RO         3785    i.HAL_SDRAM_SendCommand  stm32f7xx_hal_sdram.o
    0x08007cd4   0x08007cd4   0x000000aa   Code   RO         4186    i.HAL_SD_ConfigWideBusOperation  stm32f7xx_hal_sd.o
    0x08007d7e   0x08007d7e   0x000001fe   Code   RO         4191    i.HAL_SD_GetCardCSD  stm32f7xx_hal_sd.o
    0x08007f7c   0x08007f7c   0x00000024   Code   RO         4192    i.HAL_SD_GetCardInfo  stm32f7xx_hal_sd.o
    0x08007fa0   0x08007fa0   0x00000020   Code   RO         4193    i.HAL_SD_GetCardState  stm32f7xx_hal_sd.o
    0x08007fc0   0x08007fc0   0x00000038   Code   RO         4198    i.HAL_SD_Init       stm32f7xx_hal_sd.o
    0x08007ff8   0x08007ff8   0x0000007e   Code   RO         4199    i.HAL_SD_InitCard   stm32f7xx_hal_sd.o
    0x08008076   0x08008076   0x00000002   PAD
    0x08008078   0x08008078   0x00000064   Code   RO         7532    i.HAL_SD_MspInit    sdmmc.o
    0x080080dc   0x080080dc   0x00000246   Code   RO         4202    i.HAL_SD_ReadBlocks  stm32f7xx_hal_sd.o
    0x08008322   0x08008322   0x00000204   Code   RO         4207    i.HAL_SD_WriteBlocks  stm32f7xx_hal_sd.o
    0x08008526   0x08008526   0x00000002   Code   RO         5742    i.HAL_SPI_ErrorCallback  stm32f7xx_hal_spi.o
    0x08008528   0x08008528   0x000000c4   Code   RO         5746    i.HAL_SPI_Init      stm32f7xx_hal_spi.o
    0x080085ec   0x080085ec   0x000000bc   Code   RO         8341    i.HAL_SPI_MspInit   spi.o
    0x080086a8   0x080086a8   0x00000108   Code   RO         5758    i.HAL_SPI_Transmit_DMA  stm32f7xx_hal_spi.o
    0x080087b0   0x080087b0   0x00000002   Code   RO         5760    i.HAL_SPI_TxCpltCallback  stm32f7xx_hal_spi.o
    0x080087b2   0x080087b2   0x00000002   Code   RO         5761    i.HAL_SPI_TxHalfCpltCallback  stm32f7xx_hal_spi.o
    0x080087b4   0x080087b4   0x0000001c   Code   RO         2711    i.HAL_SYSTICK_CLKSourceConfig  stm32f7xx_hal_cortex.o
    0x080087d0   0x080087d0   0x00000002   Code   RO         2712    i.HAL_SYSTICK_Callback  stm32f7xx_hal_cortex.o
    0x080087d2   0x080087d2   0x00000002   PAD
    0x080087d4   0x080087d4   0x00000028   Code   RO         2713    i.HAL_SYSTICK_Config  stm32f7xx_hal_cortex.o
    0x080087fc   0x080087fc   0x00000008   Code   RO         2714    i.HAL_SYSTICK_IRQHandler  stm32f7xx_hal_cortex.o
    0x08008804   0x08008804   0x00000002   Code   RO         1397    i.HAL_TIMEx_BreakCallback  stm32f7xx_hal_tim_ex.o
    0x08008806   0x08008806   0x00000002   Code   RO         1398    i.HAL_TIMEx_CommutationCallback  stm32f7xx_hal_tim_ex.o
    0x08008808   0x08008808   0x00000064   Code   RO         1415    i.HAL_TIMEx_MasterConfigSynchronization  stm32f7xx_hal_tim_ex.o
    0x0800886c   0x0800886c   0x00000038   Code   RO         2054    i.HAL_TIM_Base_Init  stm32f7xx_hal_tim.o
    0x080088a4   0x080088a4   0x00000050   Code   RO         7913    i.HAL_TIM_Base_MspInit  tim.o
    0x080088f4   0x080088f4   0x00000018   Code   RO         2059    i.HAL_TIM_Base_Start_IT  stm32f7xx_hal_tim.o
    0x0800890c   0x0800890c   0x0000002a   Code   RO         2062    i.HAL_TIM_Base_Stop_IT  stm32f7xx_hal_tim.o
    0x08008936   0x08008936   0x0000011c   Code   RO         2063    i.HAL_TIM_ConfigClockSource  stm32f7xx_hal_tim.o
    0x08008a52   0x08008a52   0x000000be   Code   RO         2072    i.HAL_TIM_Encoder_Init  stm32f7xx_hal_tim.o
    0x08008b10   0x08008b10   0x0000005c   Code   RO         7915    i.HAL_TIM_Encoder_MspInit  tim.o
    0x08008b6c   0x08008b6c   0x00000002   Code   RO         2083    i.HAL_TIM_IC_CaptureCallback  stm32f7xx_hal_tim.o
    0x08008b6e   0x08008b6e   0x0000018e   Code   RO         2096    i.HAL_TIM_IRQHandler  stm32f7xx_hal_tim.o
    0x08008cfc   0x08008cfc   0x00000038   Code   RO         7916    i.HAL_TIM_MspPostInit  tim.o
    0x08008d34   0x08008d34   0x00000002   Code   RO         2099    i.HAL_TIM_OC_DelayElapsedCallback  stm32f7xx_hal_tim.o
    0x08008d36   0x08008d36   0x0000013a   Code   RO         1435    i.HAL_TIM_PWM_ConfigChannel  stm32f7xx_hal_tim_ex.o
    0x08008e70   0x08008e70   0x00000038   Code   RO         2123    i.HAL_TIM_PWM_Init  stm32f7xx_hal_tim.o
    0x08008ea8   0x08008ea8   0x00000002   Code   RO         2125    i.HAL_TIM_PWM_MspInit  stm32f7xx_hal_tim.o
    0x08008eaa   0x08008eaa   0x00000002   Code   RO         2126    i.HAL_TIM_PWM_PulseFinishedCallback  stm32f7xx_hal_tim.o
    0x08008eac   0x08008eac   0x00000038   Code   RO         2127    i.HAL_TIM_PWM_Start  stm32f7xx_hal_tim.o
    0x08008ee4   0x08008ee4   0x0000005c   Code   RO         2130    i.HAL_TIM_PWM_Stop  stm32f7xx_hal_tim.o
    0x08008f40   0x08008f40   0x00000002   Code   RO         2133    i.HAL_TIM_PeriodElapsedCallback  stm32f7xx_hal_tim.o
    0x08008f42   0x08008f42   0x00000002   Code   RO         2137    i.HAL_TIM_TriggerCallback  stm32f7xx_hal_tim.o
    0x08008f44   0x08008f44   0x00000070   Code   RO         5465    i.HAL_UART_Init     stm32f7xx_hal_uart.o
    0x08008fb4   0x08008fb4   0x00000070   Code   RO         8116    i.HAL_UART_MspInit  usart.o
    0x08009024   0x08009024   0x000000ca   Code   RO         5473    i.HAL_UART_Transmit  stm32f7xx_hal_uart.o
    0x080090ee   0x080090ee   0x00000022   Code   RO         1022    i.I2C_Flush_TXDR    stm32f7xx_hal_i2c.o
    0x08009110   0x08009110   0x00000090   Code   RO         1030    i.I2C_IsAcknowledgeFailed  stm32f7xx_hal_i2c.o
    0x080091a0   0x080091a0   0x00000092   Code   RO         1033    i.I2C_RequestMemoryRead  stm32f7xx_hal_i2c.o
    0x08009232   0x08009232   0x00000092   Code   RO         1034    i.I2C_RequestMemoryWrite  stm32f7xx_hal_i2c.o
    0x080092c4   0x080092c4   0x0000002c   Code   RO         1037    i.I2C_TransferConfig  stm32f7xx_hal_i2c.o
    0x080092f0   0x080092f0   0x00000064   Code   RO         1038    i.I2C_WaitOnFlagUntilTimeout  stm32f7xx_hal_i2c.o
    0x08009354   0x08009354   0x00000058   Code   RO         1040    i.I2C_WaitOnSTOPFlagUntilTimeout  stm32f7xx_hal_i2c.o
    0x080093ac   0x080093ac   0x0000005e   Code   RO         1041    i.I2C_WaitOnTXISFlagUntilTimeout  stm32f7xx_hal_i2c.o
    0x0800940a   0x0800940a   0x00000014   Code   RO           35    i.I2Cx_Error        stm32746g_discovery.o
    0x0800941e   0x0800941e   0x00000002   PAD
    0x08009420   0x08009420   0x00000054   Code   RO           36    i.I2Cx_Init         stm32746g_discovery.o
    0x08009474   0x08009474   0x0000012c   Code   RO           38    i.I2Cx_MspInit      stm32746g_discovery.o
    0x080095a0   0x080095a0   0x00000034   Code   RO           39    i.I2Cx_ReadMultiple  stm32746g_discovery.o
    0x080095d4   0x080095d4   0x00000034   Code   RO           40    i.I2Cx_WriteMultiple  stm32746g_discovery.o
    0x08009608   0x08009608   0x00000064   Code   RO          405    i.LL_FillBuffer     stm32746g_discovery_lcd.o
    0x0800966c   0x0800966c   0x000003d8   Code   RO         6410    i.LOAD_ONE_PAD      main.o
    0x08009a44   0x08009a44   0x000003f8   Code   RO         6411    i.LOAD_PRESET       main.o
    0x08009e3c   0x08009e3c   0x00000274   Code   RO         6412    i.LOAD_PRESET_LIST  main.o
    0x0800a0b0   0x0800a0b0   0x000001c4   Code   RO         3965    i.LTDC_SetConfig    stm32f7xx_hal_ltdc.o
    0x0800a274   0x0800a274   0x00000074   Code   RO         8384    i.MX_ADC1_Init      adc.o
    0x0800a2e8   0x0800a2e8   0x00000074   Code   RO         8385    i.MX_ADC2_Init      adc.o
    0x0800a35c   0x0800a35c   0x00000074   Code   RO         8386    i.MX_ADC3_Init      adc.o
    0x0800a3d0   0x0800a3d0   0x00000058   Code   RO         7575    i.MX_DMA2D_Init     dma2d.o
    0x0800a428   0x0800a428   0x0000002c   Code   RO         8436    i.MX_DMA_Init       dma.o
    0x0800a454   0x0800a454   0x0000001c   Code   RO         7493    i.MX_FATFS_Init     fatfs.o
    0x0800a470   0x0800a470   0x00000070   Code   RO         7661    i.MX_FMC_Init       fmc.o
    0x0800a4e0   0x0800a4e0   0x000002f4   Code   RO         7795    i.MX_GPIO_Init      gpio.o
    0x0800a7d4   0x0800a7d4   0x00000074   Code   RO         7712    i.MX_I2C3_Init      i2c.o
    0x0800a848   0x0800a848   0x00000104   Code   RO         7617    i.MX_LTDC_Init      ltdc.o
    0x0800a94c   0x0800a94c   0x000000d8   Code   RO         8157    i.MX_LWIP_Init      lwip.o
    0x0800aa24   0x0800aa24   0x00000014   Code   RO         8158    i.MX_LWIP_Process   lwip.o
    0x0800aa38   0x0800aa38   0x00000058   Code   RO         8075    i.MX_QUADSPI_Init   quadspi.o
    0x0800aa90   0x0800aa90   0x0000007c   Code   RO         7754    i.MX_SAI2_Init      sai.o
    0x0800ab0c   0x0800ab0c   0x00000020   Code   RO         7533    i.MX_SDMMC1_SD_Init  sdmmc.o
    0x0800ab2c   0x0800ab2c   0x00000064   Code   RO         8342    i.MX_SPI2_Init      spi.o
    0x0800ab90   0x0800ab90   0x00000080   Code   RO         7917    i.MX_TIM14_Init     tim.o
    0x0800ac10   0x0800ac10   0x00000078   Code   RO         7918    i.MX_TIM2_Init      tim.o
    0x0800ac88   0x0800ac88   0x00000074   Code   RO         7919    i.MX_TIM5_Init      tim.o
    0x0800acfc   0x0800acfc   0x00000050   Code   RO         8117    i.MX_USART1_UART_Init  usart.o
    0x0800ad4c   0x0800ad4c   0x00000004   PAD
    0x0800ad50   0x0800ad50   0x000001c0   Code   RO         6413    i.MoogVCF           main.o
    0x0800af10   0x0800af10   0x00000440   Code   RO         6414    i.NAVIGATOR         main.o
    0x0800b350   0x0800b350   0x00000190   Code   RO         6415    i.PREPARE_ERR_MSG   main.o
    0x0800b4e0   0x0800b4e0   0x0000005a   Code   RO          826    i.QSPI_AutoPollingMemReady  stm32746g_discovery_qspi.o
    0x0800b53a   0x0800b53a   0x00000262   Code   RO         5030    i.QSPI_Config       stm32f7xx_hal_qspi.o
    0x0800b79c   0x0800b79c   0x000000aa   Code   RO          827    i.QSPI_DummyCyclesCfg  stm32746g_discovery_qspi.o
    0x0800b846   0x0800b846   0x00000064   Code   RO          828    i.QSPI_ResetMemory  stm32746g_discovery_qspi.o
    0x0800b8aa   0x0800b8aa   0x0000005a   Code   RO         5037    i.QSPI_WaitFlagStateUntilTimeout  stm32f7xx_hal_qspi.o
    0x0800b904   0x0800b904   0x0000006e   Code   RO          829    i.QSPI_WriteEnable  stm32746g_discovery_qspi.o
    0x0800b972   0x0800b972   0x00000002   PAD
    0x0800b974   0x0800b974   0x00000ba4   Code   RO         6416    i.REDRAW_PAD        main.o
    0x0800c518   0x0800c518   0x000009e4   Code   RO         6417    i.REDRAW_PAD_EDIT   main.o
    0x0800cefc   0x0800cefc   0x000000f0   Code   RO         6418    i.ReDrawScroll      main.o
    0x0800cfec   0x0800cfec   0x000005b0   Code   RO         6419    i.SAI2_IRQHandler   main.o
    0x0800d59c   0x0800d59c   0x00000044   Code   RO         4759    i.SAI_DMAAbort      stm32f7xx_hal_sai.o
    0x0800d5e0   0x0800d5e0   0x00000044   Code   RO         4765    i.SAI_Disable       stm32f7xx_hal_sai.o
    0x0800d624   0x0800d624   0x00000058   Code   RO         4766    i.SAI_FillFifo      stm32f7xx_hal_sai.o
    0x0800d67c   0x0800d67c   0x00000030   Code   RO         4769    i.SAI_InterruptFlag  stm32f7xx_hal_sai.o
    0x0800d6ac   0x0800d6ac   0x00000048   Code   RO         4773    i.SAI_Transmit_IT16Bit  stm32f7xx_hal_sai.o
    0x0800d6f4   0x0800d6f4   0x00000048   Code   RO         4774    i.SAI_Transmit_IT32Bit  stm32f7xx_hal_sai.o
    0x0800d73c   0x0800d73c   0x00000046   Code   RO         4775    i.SAI_Transmit_IT8Bit  stm32f7xx_hal_sai.o
    0x0800d782   0x0800d782   0x00000002   PAD
    0x0800d784   0x0800d784   0x0000011c   Code   RO         6420    i.SCAN_DIR          main.o
    0x0800d8a0   0x0800d8a0   0x00000032   Code   RO         4438    i.SDMMC_CmdAppCommand  stm32f7xx_ll_sdmmc.o
    0x0800d8d2   0x0800d8d2   0x00000034   Code   RO         4439    i.SDMMC_CmdAppOperCommand  stm32f7xx_ll_sdmmc.o
    0x0800d906   0x0800d906   0x00000032   Code   RO         4440    i.SDMMC_CmdBlockLength  stm32f7xx_ll_sdmmc.o
    0x0800d938   0x0800d938   0x00000032   Code   RO         4441    i.SDMMC_CmdBusWidth  stm32f7xx_ll_sdmmc.o
    0x0800d96a   0x0800d96a   0x00000028   Code   RO         4445    i.SDMMC_CmdGoIdleState  stm32f7xx_ll_sdmmc.o
    0x0800d992   0x0800d992   0x00000030   Code   RO         4447    i.SDMMC_CmdOperCond  stm32f7xx_ll_sdmmc.o
    0x0800d9c2   0x0800d9c2   0x00000032   Code   RO         4448    i.SDMMC_CmdReadMultiBlock  stm32f7xx_ll_sdmmc.o
    0x0800d9f4   0x0800d9f4   0x00000032   Code   RO         4449    i.SDMMC_CmdReadSingleBlock  stm32f7xx_ll_sdmmc.o
    0x0800da26   0x0800da26   0x00000032   Code   RO         4452    i.SDMMC_CmdSelDesel  stm32f7xx_ll_sdmmc.o
    0x0800da58   0x0800da58   0x0000002c   Code   RO         4453    i.SDMMC_CmdSendCID  stm32f7xx_ll_sdmmc.o
    0x0800da84   0x0800da84   0x0000002c   Code   RO         4454    i.SDMMC_CmdSendCSD  stm32f7xx_ll_sdmmc.o
    0x0800dab0   0x0800dab0   0x00000030   Code   RO         4455    i.SDMMC_CmdSendSCR  stm32f7xx_ll_sdmmc.o
    0x0800dae0   0x0800dae0   0x00000032   Code   RO         4456    i.SDMMC_CmdSendStatus  stm32f7xx_ll_sdmmc.o
    0x0800db12   0x0800db12   0x0000003a   Code   RO         4457    i.SDMMC_CmdSetRelAdd  stm32f7xx_ll_sdmmc.o
    0x0800db4c   0x0800db4c   0x00000034   Code   RO         4459    i.SDMMC_CmdStopTransfer  stm32f7xx_ll_sdmmc.o
    0x0800db80   0x0800db80   0x00000032   Code   RO         4461    i.SDMMC_CmdWriteMultiBlock  stm32f7xx_ll_sdmmc.o
    0x0800dbb2   0x0800dbb2   0x00000032   Code   RO         4462    i.SDMMC_CmdWriteSingleBlock  stm32f7xx_ll_sdmmc.o
    0x0800dbe4   0x0800dbe4   0x00000024   Code   RO         4463    i.SDMMC_ConfigData  stm32f7xx_ll_sdmmc.o
    0x0800dc08   0x0800dc08   0x00000034   Code   RO         4464    i.SDMMC_GetCmdError  stm32f7xx_ll_sdmmc.o
    0x0800dc3c   0x0800dc3c   0x0000017c   Code   RO         4465    i.SDMMC_GetCmdResp1  stm32f7xx_ll_sdmmc.o
    0x0800ddb8   0x0800ddb8   0x00000054   Code   RO         4466    i.SDMMC_GetCmdResp2  stm32f7xx_ll_sdmmc.o
    0x0800de0c   0x0800de0c   0x00000044   Code   RO         4467    i.SDMMC_GetCmdResp3  stm32f7xx_ll_sdmmc.o
    0x0800de50   0x0800de50   0x000000a8   Code   RO         4468    i.SDMMC_GetCmdResp6  stm32f7xx_ll_sdmmc.o
    0x0800def8   0x0800def8   0x0000004c   Code   RO         4469    i.SDMMC_GetCmdResp7  stm32f7xx_ll_sdmmc.o
    0x0800df44   0x0800df44   0x00000006   Code   RO         4470    i.SDMMC_GetCommandResponse  stm32f7xx_ll_sdmmc.o
    0x0800df4a   0x0800df4a   0x00000008   Code   RO         4473    i.SDMMC_GetPowerState  stm32f7xx_ll_sdmmc.o
    0x0800df52   0x0800df52   0x00000010   Code   RO         4474    i.SDMMC_GetResponse  stm32f7xx_ll_sdmmc.o
    0x0800df62   0x0800df62   0x0000002c   Code   RO         4475    i.SDMMC_Init        stm32f7xx_ll_sdmmc.o
    0x0800df8e   0x0800df8e   0x00000008   Code   RO         4477    i.SDMMC_PowerState_ON  stm32f7xx_ll_sdmmc.o
    0x0800df96   0x0800df96   0x00000006   Code   RO         4478    i.SDMMC_ReadFIFO    stm32f7xx_ll_sdmmc.o
    0x0800df9c   0x0800df9c   0x00000020   Code   RO         4479    i.SDMMC_SendCommand  stm32f7xx_ll_sdmmc.o
    0x0800dfbc   0x0800dfbc   0x0000000a   Code   RO         4481    i.SDMMC_WriteFIFO   stm32f7xx_ll_sdmmc.o
    0x0800dfc6   0x0800dfc6   0x0000013a   Code   RO         4215    i.SD_FindSCR        stm32f7xx_hal_sd.o
    0x0800e100   0x0800e100   0x000000e6   Code   RO         4216    i.SD_InitCard       stm32f7xx_hal_sd.o
    0x0800e1e6   0x0800e1e6   0x000000b0   Code   RO         4218    i.SD_PowerON        stm32f7xx_hal_sd.o
    0x0800e296   0x0800e296   0x0000002e   Code   RO         4221    i.SD_SendStatus     stm32f7xx_hal_sd.o
    0x0800e2c4   0x0800e2c4   0x0000005e   Code   RO         4222    i.SD_WideBus_Disable  stm32f7xx_hal_sd.o
    0x0800e322   0x0800e322   0x0000005e   Code   RO         4223    i.SD_WideBus_Enable  stm32f7xx_hal_sd.o
    0x0800e380   0x0800e380   0x00000020   Code   RO         9010    i.SD_initialize     sd_diskio.o
    0x0800e3a0   0x0800e3a0   0x00000064   Code   RO         9011    i.SD_ioctl          sd_diskio.o
    0x0800e404   0x0800e404   0x00000038   Code   RO         9012    i.SD_read           sd_diskio.o
    0x0800e43c   0x0800e43c   0x00000020   Code   RO         9013    i.SD_status         sd_diskio.o
    0x0800e45c   0x0800e45c   0x00000038   Code   RO         9014    i.SD_write          sd_diskio.o
    0x0800e494   0x0800e494   0x000012f0   Code   RO         6421    i.SERVICE_MODE      main.o
    0x0800f784   0x0800f784   0x000012bc   Code   RO         6422    i.SLIDE_PAD         main.o
    0x08010a40   0x08010a40   0x00000022   Code   RO         5774    i.SPI_DMAError      stm32f7xx_hal_spi.o
    0x08010a62   0x08010a62   0x0000000a   Code   RO         5776    i.SPI_DMAHalfTransmitCplt  stm32f7xx_hal_spi.o
    0x08010a6c   0x08010a6c   0x00000066   Code   RO         5780    i.SPI_DMATransmitCplt  stm32f7xx_hal_spi.o
    0x08010ad2   0x08010ad2   0x00000064   Code   RO         5784    i.SPI_EndRxTxTransaction  stm32f7xx_hal_spi.o
    0x08010b36   0x08010b36   0x000000aa   Code   RO         5789    i.SPI_WaitFifoStateUntilTimeout  stm32f7xx_hal_spi.o
    0x08010be0   0x08010be0   0x00000094   Code   RO         5790    i.SPI_WaitFlagStateUntilTimeout  stm32f7xx_hal_spi.o
    0x08010c74   0x08010c74   0x000001f8   Code   RO         6423    i.ShowBPM           main.o
    0x08010e6c   0x08010e6c   0x0000005c   Code   RO         6424    i.ShowEFFECT        main.o
    0x08010ec8   0x08010ec8   0x000000d4   Code   RO         6425    i.ShowLinkNumb      main.o
    0x08010f9c   0x08010f9c   0x00000508   Code   RO         6426    i.ShowMPhaseMeter   main.o
    0x080114a4   0x080114a4   0x000000d8   Code   RO         6427    i.ShowMasterDeck    main.o
    0x0801157c   0x0801157c   0x000000a8   Code   RO         6428    i.ShowRAM           main.o
    0x08011624   0x08011624   0x000005dc   Code   RO         6429    i.ShowSPhaseMeter   main.o
    0x08011c00   0x08011c00   0x0000005c   Code   RO         6430    i.ShowSYNCOUT       main.o
    0x08011c5c   0x08011c5c   0x00002800   Code   RO         6431    i.SwitchInformationLayer  main.o
    0x0801445c   0x0801445c   0x0000000e   Code   RO         6338    i.SysTick_Handler   stm32f7xx_it.o
    0x0801446a   0x0801446a   0x00000002   PAD
    0x0801446c   0x0801446c   0x00000114   Code   RO         6432    i.SystemClock_Config  main.o
    0x08014580   0x08014580   0x00000058   Code   RO         8461    i.SystemInit        system_stm32f7xx.o
    0x080145d8   0x080145d8   0x000009ec   Code   RO         6433    i.TIM2_IRQHandler   main.o
    0x08014fc4   0x08014fc4   0x00000098   Code   RO         6434    i.TIM5_IRQHandler   main.o
    0x0801505c   0x0801505c   0x000000cc   Code   RO         2138    i.TIM_Base_SetConfig  stm32f7xx_hal_tim.o
    0x08015128   0x08015128   0x0000001a   Code   RO         2139    i.TIM_CCxChannelCmd  stm32f7xx_hal_tim.o
    0x08015142   0x08015142   0x00000016   Code   RO         2145    i.TIM_ETR_SetConfig  stm32f7xx_hal_tim.o
    0x08015158   0x08015158   0x00000010   Code   RO         2146    i.TIM_ITRx_SetConfig  stm32f7xx_hal_tim.o
    0x08015168   0x08015168   0x00000070   Code   RO         2147    i.TIM_OC1_SetConfig  stm32f7xx_hal_tim.o
    0x080151d8   0x080151d8   0x00000078   Code   RO         2148    i.TIM_OC2_SetConfig  stm32f7xx_hal_tim.o
    0x08015250   0x08015250   0x00000078   Code   RO         2149    i.TIM_OC3_SetConfig  stm32f7xx_hal_tim.o
    0x080152c8   0x080152c8   0x00000060   Code   RO         2150    i.TIM_OC4_SetConfig  stm32f7xx_hal_tim.o
    0x08015328   0x08015328   0x0000005a   Code   RO         1438    i.TIM_OC5_SetConfig  stm32f7xx_hal_tim_ex.o
    0x08015382   0x08015382   0x0000005c   Code   RO         1439    i.TIM_OC6_SetConfig  stm32f7xx_hal_tim_ex.o
    0x080153de   0x080153de   0x00000026   Code   RO         2152    i.TIM_TI1_ConfigInputStage  stm32f7xx_hal_tim.o
    0x08015404   0x08015404   0x00000024   Code   RO         2154    i.TIM_TI2_ConfigInputStage  stm32f7xx_hal_tim.o
    0x08015428   0x08015428   0x000000d8   Code   RO         5478    i.UART_AdvFeatureConfig  stm32f7xx_hal_uart.o
    0x08015500   0x08015500   0x00000042   Code   RO         5479    i.UART_CheckIdleState  stm32f7xx_hal_uart.o
    0x08015542   0x08015542   0x00000002   PAD
    0x08015544   0x08015544   0x00000318   Code   RO         5490    i.UART_SetConfig    stm32f7xx_hal_uart.o
    0x0801585c   0x0801585c   0x00000078   Code   RO         5492    i.UART_WaitOnFlagUntilTimeout  stm32f7xx_hal_uart.o
    0x080158d4   0x080158d4   0x00000720   Code   RO         6435    i.UTILITY_PARAMETER  main.o
    0x08015ff4   0x08015ff4   0x000001a8   Code   RO         6436    i.WFMCREATE         main.o
    0x0801619c   0x0801619c   0x00000002   Code   RO         6437    i._Error_Handler    main.o
    0x0801619e   0x0801619e   0x00000002   PAD
    0x080161a0   0x080161a0   0x00000028   Code   RO        12150    i.__0sprintf        mc_w.l(printfa.o)
    0x080161c8   0x080161c8   0x0000000e   Code   RO        12230    i.__scatterload_copy  mc_w.l(handlers.o)
    0x080161d6   0x080161d6   0x00000002   Code   RO        12231    i.__scatterload_null  mc_w.l(handlers.o)
    0x080161d8   0x080161d8   0x0000000e   Code   RO        12232    i.__scatterload_zeroinit  mc_w.l(handlers.o)
    0x080161e6   0x080161e6   0x00000002   PAD
    0x080161e8   0x080161e8   0x00000184   Code   RO        12155    i._fp_digits        mc_w.l(printfa.o)
    0x0801636c   0x0801636c   0x00000a50   Code   RO         6438    i._int_draw_pad     main.o
    0x08016dbc   0x08016dbc   0x000006b4   Code   RO        12156    i._printf_core      mc_w.l(printfa.o)
    0x08017470   0x08017470   0x00000024   Code   RO        12157    i._printf_post_padding  mc_w.l(printfa.o)
    0x08017494   0x08017494   0x0000002e   Code   RO        12158    i._printf_pre_padding  mc_w.l(printfa.o)
    0x080174c2   0x080174c2   0x0000000a   Code   RO        12160    i._sputc            mc_w.l(printfa.o)
    0x080174cc   0x080174cc   0x00000074   Code   RO         8522    i.check_fs          ff.o
    0x08017540   0x08017540   0x00000010   Code   RO         8523    i.chk_chr           ff.o
    0x08017550   0x08017550   0x0000002c   Code   RO         8524    i.clmt_clust        ff.o
    0x0801757c   0x0801757c   0x00000018   Code   RO         8525    i.clust2sect        ff.o
    0x08017594   0x08017594   0x00000098   Code   RO         8526    i.cmp_lfn           ff.o
    0x0801762c   0x0801762c   0x000000ba   Code   RO         8527    i.create_chain      ff.o
    0x080176e6   0x080176e6   0x00000002   PAD
    0x080176e8   0x080176e8   0x0000020c   Code   RO         8528    i.create_name       ff.o
    0x080178f4   0x080178f4   0x0000001c   Code   RO        10335    i.cyclic_timer      timeouts.o
    0x08017910   0x08017910   0x000001c4   Code   RO         6439    i.delete_prc        main.o
    0x08017ad4   0x08017ad4   0x0000004a   Code   RO         8529    i.dir_alloc         ff.o
    0x08017b1e   0x08017b1e   0x000000de   Code   RO         8530    i.dir_find          ff.o
    0x08017bfc   0x08017bfc   0x00000132   Code   RO         8531    i.dir_next          ff.o
    0x08017d2e   0x08017d2e   0x000000c4   Code   RO         8532    i.dir_read          ff.o
    0x08017df2   0x08017df2   0x00000002   PAD
    0x08017df4   0x08017df4   0x0000013c   Code   RO         8533    i.dir_register      ff.o
    0x08017f30   0x08017f30   0x000000b0   Code   RO         8535    i.dir_sdi           ff.o
    0x08017fe0   0x08017fe0   0x0000002c   Code   RO         8904    i.disk_initialize   diskio.o
    0x0801800c   0x0801800c   0x0000001c   Code   RO         8905    i.disk_ioctl        diskio.o
    0x08018028   0x08018028   0x00000020   Code   RO         8906    i.disk_read         diskio.o
    0x08018048   0x08018048   0x00000018   Code   RO         8907    i.disk_status       diskio.o
    0x08018060   0x08018060   0x00000020   Code   RO         8908    i.disk_write        diskio.o
    0x08018080   0x08018080   0x0000000c   Code   RO        11595    i.do_memp_free_pool  memp.o
    0x0801808c   0x0801808c   0x00000012   Code   RO        11596    i.do_memp_malloc_pool  memp.o
    0x0801809e   0x0801809e   0x00000002   PAD
    0x080180a0   0x080180a0   0x000008b4   Code   RO         6440    i.draw_st_wvfm      main.o
    0x08018954   0x08018954   0x00000adc   Code   RO         6441    i.encoder_handler   main.o
    0x08019430   0x08019430   0x00000030   Code   RO        10811    i.etharp_cleanup_netif  etharp.o
    0x08019460   0x08019460   0x0000010c   Code   RO        10813    i.etharp_find_entry  etharp.o
    0x0801956c   0x0801956c   0x00000028   Code   RO        10814    i.etharp_free_entry  etharp.o
    0x08019594   0x08019594   0x000000b6   Code   RO        10816    i.etharp_input      etharp.o
    0x0801964a   0x0801964a   0x00000002   PAD
    0x0801964c   0x0801964c   0x0000010c   Code   RO        10817    i.etharp_output     etharp.o
    0x08019758   0x08019758   0x00000060   Code   RO        10818    i.etharp_output_to_arp_index  etharp.o
    0x080197b8   0x080197b8   0x00000128   Code   RO        10819    i.etharp_query      etharp.o
    0x080198e0   0x080198e0   0x0000008a   Code   RO        10820    i.etharp_raw        etharp.o
    0x0801996a   0x0801996a   0x00000002   PAD
    0x0801996c   0x0801996c   0x0000000c   Code   RO        10821    i.etharp_request    etharp.o
    0x08019978   0x08019978   0x00000028   Code   RO        10822    i.etharp_request_dst  etharp.o
    0x080199a0   0x080199a0   0x00000064   Code   RO        10823    i.etharp_tmr        etharp.o
    0x08019a04   0x08019a04   0x00000084   Code   RO        10824    i.etharp_update_arp_entry  etharp.o
    0x08019a88   0x08019a88   0x000000a8   Code   RO        10619    i.ethernet_input    ethernet.o
    0x08019b30   0x08019b30   0x00000052   Code   RO        10620    i.ethernet_output   ethernet.o
    0x08019b82   0x08019b82   0x00000002   PAD
    0x08019b84   0x08019b84   0x00000028   Code   RO         8224    i.ethernetif_init   ethernetif.o
    0x08019bac   0x08019bac   0x000001d8   Code   RO         8225    i.ethernetif_input  ethernetif.o
    0x08019d84   0x08019d84   0x00000020   Code   RO         8536    i.f_close           ff.o
    0x08019da4   0x08019da4   0x00000016   Code   RO         8537    i.f_closedir        ff.o
    0x08019dba   0x08019dba   0x00000022   Code   RO         8538    i.f_findfirst       ff.o
    0x08019ddc   0x08019ddc   0x00000040   Code   RO         8539    i.f_findnext        ff.o
    0x08019e1c   0x08019e1c   0x000000e0   Code   RO         8540    i.f_getfree         ff.o
    0x08019efc   0x08019efc   0x000002b0   Code   RO         8542    i.f_lseek           ff.o
    0x0801a1ac   0x0801a1ac   0x0000015c   Code   RO         8543    i.f_mkdir           ff.o
    0x0801a308   0x0801a308   0x00000050   Code   RO         8545    i.f_mount           ff.o
    0x0801a358   0x0801a358   0x000001e8   Code   RO         8546    i.f_open            ff.o
    0x0801a540   0x0801a540   0x00000074   Code   RO         8547    i.f_opendir         ff.o
    0x0801a5b4   0x0801a5b4   0x000001aa   Code   RO         8551    i.f_read            ff.o
    0x0801a75e   0x0801a75e   0x0000004a   Code   RO         8552    i.f_readdir         ff.o
    0x0801a7a8   0x0801a7a8   0x0000009c   Code   RO         8555    i.f_sync            ff.o
    0x0801a844   0x0801a844   0x000000ae   Code   RO         8556    i.f_truncate        ff.o
    0x0801a8f2   0x0801a8f2   0x000001e6   Code   RO         8558    i.f_write           ff.o
    0x0801aad8   0x0801aad8   0x00000008   Code   RO         6442    i.ff_convert        main.o
    0x0801aae0   0x0801aae0   0x00000016   Code   RO         6443    i.ff_wtoupper       main.o
    0x0801aaf6   0x0801aaf6   0x00000002   PAD
    0x0801aaf8   0x0801aaf8   0x00000314   Code   RO         8559    i.find_volume       ff.o
    0x0801ae0c   0x0801ae0c   0x00000050   Code   RO         6444    i.fir               main.o
    0x0801ae5c   0x0801ae5c   0x0000022c   Code   RO         6445    i.fl_load_animation  main.o
    0x0801b088   0x0801b088   0x0000008c   Code   RO         8560    i.follow_path       ff.o
    0x0801b114   0x0801b114   0x00000096   Code   RO         8561    i.gen_numname       ff.o
    0x0801b1aa   0x0801b1aa   0x00000002   PAD
    0x0801b1ac   0x0801b1ac   0x00000028   Code   RO         8562    i.get_achar         ff.o
    0x0801b1d4   0x0801b1d4   0x000000f0   Code   RO         8563    i.get_fat           ff.o
    0x0801b2c4   0x0801b2c4   0x00000104   Code   RO         8564    i.get_fileinfo      ff.o
    0x0801b3c8   0x0801b3c8   0x00000054   Code   RO         8565    i.get_ldnumber      ff.o
    0x0801b41c   0x0801b41c   0x00000008   Code   RO         9961    i.icmp_dest_unreach  icmp.o
    0x0801b424   0x0801b424   0x00000130   Code   RO         9962    i.icmp_input        icmp.o
    0x0801b554   0x0801b554   0x00000072   Code   RO         9963    i.icmp_send_response  icmp.o
    0x0801b5c6   0x0801b5c6   0x00000008   Code   RO         9964    i.icmp_time_exceeded  icmp.o
    0x0801b5ce   0x0801b5ce   0x00000002   PAD
    0x0801b5d0   0x0801b5d0   0x000000e4   Code   RO         6446    i.intDrawLayer0_BR  main.o
    0x0801b6b4   0x0801b6b4   0x000003c0   Code   RO         6448    i.intDrawLayer0_PRST  main.o
    0x0801ba74   0x0801ba74   0x000000bc   Code   RO         6449    i.intDrawTriangle   main.o
    0x0801bb30   0x0801bb30   0x00000104   Code   RO         6450    i.int_BR_DRAW_ALL_LINES  main.o
    0x0801bc34   0x0801bc34   0x00000270   Code   RO         6451    i.int_BR_DRAW_ONE_LINE  main.o
    0x0801bea4   0x0801bea4   0x00000068   Code   RO         6452    i.int_DD_DRAW_ALL_LINES  main.o
    0x0801bf0c   0x0801bf0c   0x00000184   Code   RO         6453    i.int_DD_DRAW_ONE_LINE  main.o
    0x0801c090   0x0801c090   0x000000f0   Code   RO         6454    i.int_DRAW_DOT_ICON_SEL  main.o
    0x0801c180   0x0801c180   0x00000190   Code   RO         6455    i.int_DRAW_ICO      main.o
    0x0801c310   0x0801c310   0x0000012c   Code   RO         6456    i.int_DRAW_STARS_RATING  main.o
    0x0801c43c   0x0801c43c   0x0000009a   Code   RO         6457    i.int_DRAW_TRANSPARENT_BAR  main.o
    0x0801c4d6   0x0801c4d6   0x00000002   PAD
    0x0801c4d8   0x0801c4d8   0x00000068   Code   RO         6458    i.int_EL_DRAW_ALL_LINES  main.o
    0x0801c540   0x0801c540   0x00000198   Code   RO         6459    i.int_EL_DRAW_ONE_LINE  main.o
    0x0801c6d8   0x0801c6d8   0x000001f0   Code   RO         6460    i.int_EPD_DRAW_ALL_LINES  main.o
    0x0801c8c8   0x0801c8c8   0x0000004c   Code   RO         6461    i.int_EPD_DRAW_ONE_LINE  main.o
    0x0801c914   0x0801c914   0x000000f0   Code   RO         6462    i.int_EPD_REDRAW_ONE_LINE  main.o
    0x0801ca04   0x0801ca04   0x0000018c   Code   RO         6463    i.int_EPRD_DRAW_ALL_LINES  main.o
    0x0801cb90   0x0801cb90   0x0000004c   Code   RO         6464    i.int_EPRD_DRAW_ONE_LINE  main.o
    0x0801cbdc   0x0801cbdc   0x00000094   Code   RO         6465    i.int_EPRD_REDRAW_ONE_LINE  main.o
    0x0801cc70   0x0801cc70   0x00000068   Code   RO         6466    i.int_EP_DRAW_ALL_LINES  main.o
    0x0801ccd8   0x0801ccd8   0x0000019c   Code   RO         6467    i.int_EP_DRAW_ONE_LINE  main.o
    0x0801ce74   0x0801ce74   0x00000068   Code   RO         6468    i.int_EU_DRAW_ALL_LINES  main.o
    0x0801cedc   0x0801cedc   0x00000198   Code   RO         6469    i.int_EU_DRAW_ONE_LINE  main.o
    0x0801d074   0x0801d074   0x000000d0   Code   RO         6470    i.int_FL_DRAW_ALL_LINES  main.o
    0x0801d144   0x0801d144   0x00000320   Code   RO         6471    i.int_FL_DRAW_ONE_LINE  main.o
    0x0801d464   0x0801d464   0x000000e0   Code   RO         6472    i.int_FL_REDRAW_ONE_LINE  main.o
    0x0801d544   0x0801d544   0x0000064c   Code   RO         6473    i.int_KBRD_         main.o
    0x0801db90   0x0801db90   0x000000fc   Code   RO         6474    i.int_MPRST_DRAW_ALL_LINES  main.o
    0x0801dc8c   0x0801dc8c   0x000001d4   Code   RO         6475    i.int_MPRST_DRAW_ONE_LINE  main.o
    0x0801de60   0x0801de60   0x000000c8   Code   RO         6476    i.int_PRST_DRAW_ALL_LINES  main.o
    0x0801df28   0x0801df28   0x000001b8   Code   RO         6477    i.int_PRST_DRAW_ONE_LINE  main.o
    0x0801e0e0   0x0801e0e0   0x000000d8   Code   RO         6478    i.int_RET_PRST_NAME  main.o
    0x0801e1b8   0x0801e1b8   0x00000138   Code   RO         6479    i.int_TYPING        main.o
    0x0801e2f0   0x0801e2f0   0x000000a0   Code   RO         6480    i.int_U_DRAW_ALL_LINES  main.o
    0x0801e390   0x0801e390   0x0000027c   Code   RO         6481    i.int_U_DRAW_ONE_LINE  main.o
    0x0801e60c   0x0801e60c   0x00000088   Code   RO         6482    i.int_U_REDRAW_ONE_LINE  main.o
    0x0801e694   0x0801e694   0x00000088   Code   RO         6483    i.int_blinking_cursor  main.o
    0x0801e71c   0x0801e71c   0x000000b0   Code   RO         6484    i.int_blue_gradient  main.o
    0x0801e7cc   0x0801e7cc   0x000000c8   Code   RO         6485    i.int_draw_dialog_square  main.o
    0x0801e894   0x0801e894   0x00000220   Code   RO         6486    i.int_exit_edit_pad  main.o
    0x0801eab4   0x0801eab4   0x000000b0   Code   RO         6487    i.int_grey_gradient  main.o
    0x0801eb64   0x0801eb64   0x00000060   Code   RO         6488    i.int_int_MPRST     main.o
    0x0801ebc4   0x0801ebc4   0x000001b0   Code   RO         6489    i.int_int_PRST      main.o
    0x0801ed74   0x0801ed74   0x000004ac   Code   RO         6490    i.int_int_draw_selected_cursor  main.o
    0x0801f220   0x0801f220   0x00000244   Code   RO         6491    i.int_pad_handler   main.o
    0x0801f464   0x0801f464   0x0000010c   Code   RO         6492    i.int_real_color_pads  main.o
    0x0801f570   0x0801f570   0x000000b0   Code   RO         6493    i.int_red_gradient  main.o
    0x0801f620   0x0801f620   0x000001f8   Code   RO         6494    i.int_reload_epd_realtime  main.o
    0x0801f818   0x0801f818   0x00000034   Code   RO         6495    i.int_reload_parameter_realtime  main.o
    0x0801f84c   0x0801f84c   0x00000174   Code   RO         6496    i.int_sqnc_cursor   main.o
    0x0801f9c0   0x0801f9c0   0x0000006c   Code   RO         6497    i.int_sqnc_perimeter  main.o
    0x0801fa2c   0x0801fa2c   0x00000050   Code   RO         6498    i.int_sync_mode_upd  main.o
    0x0801fa7c   0x0801fa7c   0x00000050   Code   RO        11301    i.ip4_addr_isbroadcast_u32  ip4_addr.o
    0x0801facc   0x0801facc   0x000001a4   Code   RO        10218    i.ip4_frag          ip4_frag.o
    0x0801fc70   0x0801fc70   0x000001d0   Code   RO        11488    i.ip4_input         ip4.o
    0x0801fe40   0x0801fe40   0x0000002c   Code   RO        11490    i.ip4_output_if     ip4.o
    0x0801fe6c   0x0801fe6c   0x000000bc   Code   RO        11491    i.ip4_output_if_src  ip4.o
    0x0801ff28   0x0801ff28   0x00000180   Code   RO        10219    i.ip4_reass         ip4_frag.o
    0x080200a8   0x080200a8   0x00000074   Code   RO        11492    i.ip4_route         ip4.o
    0x0802011c   0x0802011c   0x00000006   Code   RO        10220    i.ip_frag_alloc_pbuf_custom_ref  ip4_frag.o
    0x08020122   0x08020122   0x00000008   Code   RO        10221    i.ip_frag_free_pbuf_custom_ref  ip4_frag.o
    0x0802012a   0x0802012a   0x00000002   PAD
    0x0802012c   0x0802012c   0x000000f8   Code   RO        10222    i.ip_reass_chain_frag_into_datagram_and_validate  ip4_frag.o
    0x08020224   0x08020224   0x00000020   Code   RO        10223    i.ip_reass_dequeue_datagram  ip4_frag.o
    0x08020244   0x08020244   0x00000064   Code   RO        10224    i.ip_reass_enqueue_new_datagram  ip4_frag.o
    0x080202a8   0x080202a8   0x0000007c   Code   RO        10225    i.ip_reass_free_complete_datagram  ip4_frag.o
    0x08020324   0x08020324   0x0000007c   Code   RO        10226    i.ip_reass_remove_oldest_datagram  ip4_frag.o
    0x080203a0   0x080203a0   0x00000030   Code   RO        10227    i.ip_reass_tmr      ip4_frag.o
    0x080203d0   0x080203d0   0x00000018   Code   RO        10228    i.ipfrag_free_pbuf_custom  ip4_frag.o
    0x080203e8   0x080203e8   0x0000000e   Code   RO         6499    i.keep_bits_from_16  main.o
    0x080203f6   0x080203f6   0x00000002   PAD
    0x080203f8   0x080203f8   0x00001838   Code   RO         6500    i.key_handler       main.o
    0x08021c30   0x08021c30   0x00000026   Code   RO         8566    i.ld_clust          ff.o
    0x08021c56   0x08021c56   0x00000016   Code   RO         8567    i.ld_dword          ff.o
    0x08021c6c   0x08021c6c   0x0000000a   Code   RO         8568    i.ld_word           ff.o
    0x08021c76   0x08021c76   0x00000002   PAD
    0x08021c78   0x08021c78   0x00000120   Code   RO         8226    i.low_level_init    ethernetif.o
    0x08021d98   0x08021d98   0x000000c4   Code   RO         8227    i.low_level_input   ethernetif.o
    0x08021e5c   0x08021e5c   0x000000b8   Code   RO         8228    i.low_level_output  ethernetif.o
    0x08021f14   0x08021f14   0x00000018   Code   RO        11066    i.lwip_htonl        def.o
    0x08021f2c   0x08021f2c   0x0000000a   Code   RO        11067    i.lwip_htons        def.o
    0x08021f36   0x08021f36   0x0000001e   Code   RO        10511    i.lwip_init         init.o
    0x08021f54   0x08021f54   0x00001368   Code   RO         6501    i.main              main.o
    0x080232bc   0x080232bc   0x00000018   Code   RO         8569    i.mem_cmp           ff.o
    0x080232d4   0x080232d4   0x00000012   Code   RO         8570    i.mem_cpy           ff.o
    0x080232e6   0x080232e6   0x00000002   PAD
    0x080232e8   0x080232e8   0x0000002c   Code   RO         9293    i.mem_free          mem.o
    0x08023314   0x08023314   0x00000034   Code   RO         9294    i.mem_init          mem.o
    0x08023348   0x08023348   0x000000c0   Code   RO         9295    i.mem_malloc        mem.o
    0x08023408   0x08023408   0x0000000c   Code   RO         8571    i.mem_set           ff.o
    0x08023414   0x08023414   0x000000e4   Code   RO         9296    i.mem_trim          mem.o
    0x080234f8   0x080234f8   0x00000018   Code   RO        11597    i.memp_free         memp.o
    0x08023510   0x08023510   0x0000001c   Code   RO        11599    i.memp_init         memp.o
    0x0802352c   0x0802352c   0x0000002e   Code   RO        11600    i.memp_init_pool    memp.o
    0x0802355a   0x0802355a   0x00000002   PAD
    0x0802355c   0x0802355c   0x00000018   Code   RO        11601    i.memp_malloc       memp.o
    0x08023574   0x08023574   0x00000388   Code   RO         6502    i.move_preser_prc   main.o
    0x080238fc   0x080238fc   0x00000034   Code   RO         8572    i.move_window       ff.o
    0x08023930   0x08023930   0x00000050   Code   RO        10910    i.netif_add         netif.o
    0x08023980   0x08023980   0x00000002   Code   RO        10912    i.netif_init        netif.o
    0x08023982   0x08023982   0x0000001e   Code   RO        10914    i.netif_issue_reports  netif.o
    0x080239a0   0x080239a0   0x0000004c   Code   RO        10916    i.netif_set_addr    netif.o
    0x080239ec   0x080239ec   0x0000000c   Code   RO        10917    i.netif_set_default  netif.o
    0x080239f8   0x080239f8   0x0000001e   Code   RO        10918    i.netif_set_down    netif.o
    0x08023a16   0x08023a16   0x0000000e   Code   RO        10919    i.netif_set_gw      netif.o
    0x08023a24   0x08023a24   0x00000048   Code   RO        10920    i.netif_set_ipaddr  netif.o
    0x08023a6c   0x08023a6c   0x0000000e   Code   RO        10923    i.netif_set_netmask  netif.o
    0x08023a7a   0x08023a7a   0x00000020   Code   RO        10924    i.netif_set_up      netif.o
    0x08023a9a   0x08023a9a   0x00000002   PAD
    0x08023a9c   0x08023a9c   0x00000160   Code   RO         6503    i.newpstfile        main.o
    0x08023bfc   0x08023bfc   0x000000a2   Code   RO         8573    i.pattern_matching  ff.o
    0x08023c9e   0x08023c9e   0x00000144   Code   RO        10020    i.pbuf_alloc        pbuf.o
    0x08023de2   0x08023de2   0x00000068   Code   RO        10021    i.pbuf_alloced_custom  pbuf.o
    0x08023e4a   0x08023e4a   0x00000028   Code   RO        10022    i.pbuf_cat          pbuf.o
    0x08023e72   0x08023e72   0x00000014   Code   RO        10023    i.pbuf_chain        pbuf.o
    0x08023e86   0x08023e86   0x00000014   Code   RO        10024    i.pbuf_clen         pbuf.o
    0x08023e9a   0x08023e9a   0x000000a8   Code   RO        10026    i.pbuf_copy         pbuf.o
    0x08023f42   0x08023f42   0x00000070   Code   RO        10027    i.pbuf_copy_partial  pbuf.o
    0x08023fb2   0x08023fb2   0x0000005e   Code   RO        10029    i.pbuf_free         pbuf.o
    0x08024010   0x08024010   0x00000030   Code   RO        10030    i.pbuf_free_ooseq   pbuf.o
    0x08024040   0x08024040   0x00000006   Code   RO        10032    i.pbuf_header       pbuf.o
    0x08024046   0x08024046   0x00000006   Code   RO        10033    i.pbuf_header_force  pbuf.o
    0x0802404c   0x0802404c   0x00000098   Code   RO        10034    i.pbuf_header_impl  pbuf.o
    0x080240e4   0x080240e4   0x0000000c   Code   RO        10037    i.pbuf_pool_is_empty  pbuf.o
    0x080240f0   0x080240f0   0x0000005c   Code   RO        10039    i.pbuf_realloc      pbuf.o
    0x0802414c   0x0802414c   0x0000000c   Code   RO        10040    i.pbuf_ref          pbuf.o
    0x08024158   0x08024158   0x0000005e   Code   RO        10044    i.pbuf_take         pbuf.o
    0x080241b6   0x080241b6   0x00000002   PAD
    0x080241b8   0x080241b8   0x00000088   Code   RO         8574    i.pick_lfn          ff.o
    0x08024240   0x08024240   0x0000006c   Code   RO         9297    i.plug_holes        mem.o
    0x080242ac   0x080242ac   0x00000134   Code   RO         8575    i.put_fat           ff.o
    0x080243e0   0x080243e0   0x00000074   Code   RO         8576    i.put_lfn           ff.o
    0x08024454   0x08024454   0x0000007e   Code   RO         8580    i.remove_chain      ff.o
    0x080244d2   0x080244d2   0x00000028   Code   RO         8581    i.st_clust          ff.o
    0x080244fa   0x080244fa   0x00000014   Code   RO         8582    i.st_dword          ff.o
    0x0802450e   0x0802450e   0x0000000a   Code   RO         8583    i.st_word           ff.o
    0x08024518   0x08024518   0x0000001a   Code   RO         8584    i.sum_sfn           ff.o
    0x08024532   0x08024532   0x00000002   PAD
    0x08024534   0x08024534   0x0000008c   Code   RO         8585    i.sync_fs           ff.o
    0x080245c0   0x080245c0   0x00000056   Code   RO         8586    i.sync_window       ff.o
    0x08024616   0x08024616   0x00000002   PAD
    0x08024618   0x08024618   0x00000060   Code   RO        10336    i.sys_check_timeouts  timeouts.o
    0x08024678   0x08024678   0x00000004   Code   RO         8230    i.sys_now           ethernetif.o
    0x0802467c   0x0802467c   0x000000a8   Code   RO        10338    i.sys_timeout       timeouts.o
    0x08024724   0x08024724   0x00000030   Code   RO        10339    i.sys_timeouts_init  timeouts.o
    0x08024754   0x08024754   0x000000dc   Code   RO         9370    i.tcp_abandon       tcp.o
    0x08024830   0x08024830   0x00000006   Code   RO         9371    i.tcp_abort         tcp.o
    0x08024836   0x08024836   0x00000002   PAD
    0x08024838   0x08024838   0x000000b4   Code   RO         9374    i.tcp_alloc         tcp.o
    0x080248ec   0x080248ec   0x00000014   Code   RO         9377    i.tcp_close         tcp.o
    0x08024900   0x08024900   0x00000178   Code   RO         9378    i.tcp_close_shutdown  tcp.o
    0x08024a78   0x08024a78   0x0000009a   Code   RO         9709    i.tcp_create_segment  tcp_out.o
    0x08024b12   0x08024b12   0x00000026   Code   RO         9381    i.tcp_eff_send_mss_impl  tcp.o
    0x08024b38   0x08024b38   0x000000be   Code   RO         9710    i.tcp_enqueue_flags  tcp_out.o
    0x08024bf6   0x08024bf6   0x00000002   PAD
    0x08024bf8   0x08024bf8   0x00000060   Code   RO         9383    i.tcp_fasttmr       tcp.o
    0x08024c58   0x08024c58   0x0000003c   Code   RO         9072    i.tcp_getoptbyte    tcp_in.o
    0x08024c94   0x08024c94   0x00000002   Code   RO         9384    i.tcp_init          tcp.o
    0x08024c96   0x08024c96   0x00000002   PAD
    0x08024c98   0x08024c98   0x000003c8   Code   RO         9073    i.tcp_input         tcp_in.o
    0x08025060   0x08025060   0x00000058   Code   RO         9711    i.tcp_keepalive     tcp_out.o
    0x080250b8   0x080250b8   0x00000048   Code   RO         9385    i.tcp_kill_prio     tcp.o
    0x08025100   0x08025100   0x00000040   Code   RO         9386    i.tcp_kill_state    tcp.o
    0x08025140   0x08025140   0x00000034   Code   RO         9387    i.tcp_kill_timewait  tcp.o
    0x08025174   0x08025174   0x00000020   Code   RO         9388    i.tcp_listen_closed  tcp.o
    0x08025194   0x08025194   0x000000fc   Code   RO         9074    i.tcp_listen_input  tcp_in.o
    0x08025290   0x08025290   0x00000050   Code   RO         9390    i.tcp_netif_ip_addr_changed  tcp.o
    0x080252e0   0x080252e0   0x00000024   Code   RO         9391    i.tcp_netif_ip_addr_changed_pcblist  tcp.o
    0x08025304   0x08025304   0x00000010   Code   RO         9395    i.tcp_next_iss      tcp.o
    0x08025314   0x08025314   0x00000080   Code   RO         9075    i.tcp_oos_insert_segment  tcp_in.o
    0x08025394   0x08025394   0x000001e4   Code   RO         9712    i.tcp_output        tcp_out.o
    0x08025578   0x08025578   0x0000006a   Code   RO         9713    i.tcp_output_alloc_header  tcp_out.o
    0x080255e2   0x080255e2   0x00000002   PAD
    0x080255e4   0x080255e4   0x000000b4   Code   RO         9714    i.tcp_output_segment  tcp_out.o
    0x08025698   0x08025698   0x00000070   Code   RO         9076    i.tcp_parseopt      tcp_in.o
    0x08025708   0x08025708   0x00000042   Code   RO         9396    i.tcp_pcb_purge     tcp.o
    0x0802574a   0x0802574a   0x00000054   Code   RO         9397    i.tcp_pcb_remove    tcp.o
    0x0802579e   0x0802579e   0x00000002   PAD
    0x080257a0   0x080257a0   0x00000494   Code   RO         9077    i.tcp_process       tcp_in.o
    0x08025c34   0x08025c34   0x0000007a   Code   RO         9399    i.tcp_process_refused_data  tcp.o
    0x08025cae   0x08025cae   0x00000002   PAD
    0x08025cb0   0x08025cb0   0x00000764   Code   RO         9078    i.tcp_receive       tcp_in.o
    0x08026414   0x08026414   0x00000026   Code   RO         9401    i.tcp_recv_null     tcp.o
    0x0802643a   0x0802643a   0x00000048   Code   RO         9402    i.tcp_recved        tcp.o
    0x08026482   0x08026482   0x00000016   Code   RO         9403    i.tcp_remove_listener  tcp.o
    0x08026498   0x08026498   0x00000052   Code   RO         9716    i.tcp_rexmit        tcp_out.o
    0x080264ea   0x080264ea   0x00000066   Code   RO         9717    i.tcp_rexmit_fast   tcp_out.o
    0x08026550   0x08026550   0x0000002e   Code   RO         9718    i.tcp_rexmit_rto    tcp_out.o
    0x0802657e   0x0802657e   0x00000088   Code   RO         9719    i.tcp_rst           tcp_out.o
    0x08026606   0x08026606   0x0000002a   Code   RO         9404    i.tcp_seg_copy      tcp.o
    0x08026630   0x08026630   0x0000001e   Code   RO         9405    i.tcp_seg_free      tcp.o
    0x0802664e   0x0802664e   0x00000014   Code   RO         9406    i.tcp_segs_free     tcp.o
    0x08026662   0x08026662   0x00000074   Code   RO         9720    i.tcp_send_empty_ack  tcp_out.o
    0x080266d6   0x080266d6   0x0000004a   Code   RO         9721    i.tcp_send_fin      tcp_out.o
    0x08026720   0x08026720   0x000002ac   Code   RO         9410    i.tcp_slowtmr       tcp.o
    0x080269cc   0x080269cc   0x00000034   Code   RO        10342    i.tcp_timer_needed  timeouts.o
    0x08026a00   0x08026a00   0x00000080   Code   RO         9079    i.tcp_timewait_input  tcp_in.o
    0x08026a80   0x08026a80   0x00000024   Code   RO         9411    i.tcp_tmr           tcp.o
    0x08026aa4   0x08026aa4   0x00000010   Code   RO         9080    i.tcp_trigger_input_pcb_close  tcp_in.o
    0x08026ab4   0x08026ab4   0x00000044   Code   RO         9413    i.tcp_update_rcv_ann_wnd  tcp.o
    0x08026af8   0x08026af8   0x000000ca   Code   RO         9724    i.tcp_zero_window_probe  tcp_out.o
    0x08026bc2   0x08026bc2   0x00000002   PAD
    0x08026bc4   0x08026bc4   0x00000038   Code   RO        10343    i.tcpip_tcp_timer   timeouts.o
    0x08026bfc   0x08026bfc   0x0000008c   Code   RO        11367    i.udp_bind          udp.o
    0x08026c88   0x08026c88   0x00000074   Code   RO         8300    i.udp_client_connect  net.o
    0x08026cfc   0x08026cfc   0x0000006c   Code   RO         8301    i.udp_client_send   net.o
    0x08026d68   0x08026d68   0x00000058   Code   RO        11368    i.udp_connect       udp.o
    0x08026dc0   0x08026dc0   0x00000002   Code   RO        11370    i.udp_init          udp.o
    0x08026dc2   0x08026dc2   0x00000002   PAD
    0x08026dc4   0x08026dc4   0x00000144   Code   RO        11371    i.udp_input         udp.o
    0x08026f08   0x08026f08   0x00000038   Code   RO        11372    i.udp_input_local_match  udp.o
    0x08026f40   0x08026f40   0x00000038   Code   RO        11373    i.udp_netif_ip_addr_changed  udp.o
    0x08026f78   0x08026f78   0x00000024   Code   RO        11374    i.udp_new           udp.o
    0x08026f9c   0x08026f9c   0x0000004c   Code   RO        11376    i.udp_new_port      udp.o
    0x08026fe8   0x08026fe8   0x00000012   Code   RO        11379    i.udp_send          udp.o
    0x08026ffa   0x08026ffa   0x00000034   Code   RO        11380    i.udp_sendto        udp.o
    0x0802702e   0x0802702e   0x00000048   Code   RO        11381    i.udp_sendto_if     udp.o
    0x08027076   0x08027076   0x000000ba   Code   RO        11382    i.udp_sendto_if_src  udp.o
    0x08027130   0x08027130   0x00000036   Code   RO         8587    i.validate          ff.o
    0x08027166   0x08027166   0x00000004   Code   RO         7817    i.wm8994_DeInit     wm8994.o
    0x0802716a   0x0802716a   0x00000002   PAD
    0x0802716c   0x0802716c   0x0000071c   Code   RO         7818    i.wm8994_Init       wm8994.o
    0x08027888   0x08027888   0x0000001c   Code   RO         7819    i.wm8994_Pause      wm8994.o
    0x080278a4   0x080278a4   0x00000006   Code   RO         7820    i.wm8994_Play       wm8994.o
    0x080278aa   0x080278aa   0x00000014   Code   RO         7821    i.wm8994_ReadID     wm8994.o
    0x080278be   0x080278be   0x00000002   PAD
    0x080278c0   0x080278c0   0x0000001c   Code   RO         7822    i.wm8994_Reset      wm8994.o
    0x080278dc   0x080278dc   0x00000006   Code   RO         7823    i.wm8994_Resume     wm8994.o
    0x080278e2   0x080278e2   0x0000009c   Code   RO         7824    i.wm8994_SetFrequency  wm8994.o
    0x0802797e   0x0802797e   0x00000002   PAD
    0x08027980   0x08027980   0x00000058   Code   RO         7825    i.wm8994_SetMute    wm8994.o
    0x080279d8   0x080279d8   0x00000130   Code   RO         7826    i.wm8994_SetOutputMode  wm8994.o
    0x08027b08   0x08027b08   0x00000130   Code   RO         7827    i.wm8994_SetVolume  wm8994.o
    0x08027c38   0x08027c38   0x00000080   Code   RO         7828    i.wm8994_Stop       wm8994.o
    0x08027cb8   0x08027cb8   0x00000170   Code   RO         6504    i.write_new_dupl_prc  main.o
    0x08027e28   0x08027e28   0x00000214   Code   RO         6505    i.write_pad_prc     main.o
    0x0802803c   0x0802803c   0x000000c4   Code   RO         6506    i.write_preset_prc  main.o
    0x08028100   0x08028100   0x000000ec   Code   RO         6507    i.write_setings_prc  main.o
    0x080281ec   0x080281ec   0x00000e18   Data   RO          409    .constdata          stm32746g_discovery_lcd.o
    0x08029004   0x08029004   0x00000bd6   Data   RO          410    .constdata          stm32746g_discovery_lcd.o
    0x08029bda   0x08029bda   0x000003b6   Data   RO          411    .constdata          stm32746g_discovery_lcd.o
    0x08029f90   0x08029f90   0x000005cd   Data   RO          412    .constdata          stm32746g_discovery_lcd.o
    0x0802a55d   0x0802a55d   0x00000d5c   Data   RO          413    .constdata          stm32746g_discovery_lcd.o
    0x0802b2b9   0x0802b2b9   0x0000018c   Data   RO          414    .constdata          stm32746g_discovery_lcd.o
    0x0802b445   0x0802b445   0x000009a6   Data   RO          415    .constdata          stm32746g_discovery_lcd.o
    0x0802bdeb   0x0802bdeb   0x00000008   Data   RO         3484    .constdata          stm32f7xx_hal_dma.o
    0x0802bdf3   0x0802bdf3   0x00000001   PAD
    0x0802bdf4   0x0802bdf4   0x000009aa   Data   RO         6511    .constdata          main.o
    0x0802c79e   0x0802c79e   0x00000010   Data   RO         8462    .constdata          system_stm32f7xx.o
    0x0802c7ae   0x0802c7ae   0x00000008   Data   RO         8463    .constdata          system_stm32f7xx.o
    0x0802c7b6   0x0802c7b6   0x000000aa   Data   RO         8589    .constdata          ff.o
    0x0802c860   0x0802c860   0x00000014   Data   RO         9015    .constdata          sd_diskio.o
    0x0802c874   0x0802c874   0x00000054   Data   RO         9414    .constdata          tcp.o
    0x0802c8c8   0x0802c8c8   0x00000018   Data   RO        10344    .constdata          timeouts.o
    0x0802c8e0   0x0802c8e0   0x00000006   Data   RO        10621    .constdata          ethernet.o
    0x0802c8e6   0x0802c8e6   0x00000006   Data   RO        10622    .constdata          ethernet.o
    0x0802c8ec   0x0802c8ec   0x00000004   Data   RO        11308    .constdata          ip4_addr.o
    0x0802c8f0   0x0802c8f0   0x0000000c   Data   RO        11612    .constdata          memp.o
    0x0802c8fc   0x0802c8fc   0x0000000c   Data   RO        11613    .constdata          memp.o
    0x0802c908   0x0802c908   0x0000000c   Data   RO        11614    .constdata          memp.o
    0x0802c914   0x0802c914   0x0000000c   Data   RO        11615    .constdata          memp.o
    0x0802c920   0x0802c920   0x0000000c   Data   RO        11616    .constdata          memp.o
    0x0802c92c   0x0802c92c   0x0000000c   Data   RO        11617    .constdata          memp.o
    0x0802c938   0x0802c938   0x0000000c   Data   RO        11618    .constdata          memp.o
    0x0802c944   0x0802c944   0x0000000c   Data   RO        11619    .constdata          memp.o
    0x0802c950   0x0802c950   0x0000000c   Data   RO        11620    .constdata          memp.o
    0x0802c95c   0x0802c95c   0x00000024   Data   RO        11621    .constdata          memp.o
    0x0802c980   0x0802c980   0x00000075   Data   RO         9415    .conststring        tcp.o
    0x0802c9f5   0x0802c9f5   0x00000003   PAD
    0x0802c9f8   0x0802c9f8   0x00000030   Data   RO        12228    Region$$Table       anon$$obj.o


    Execution Region RW_IRAM1 (Exec base: 0x20000000, Load base: 0x0802ca28, Size: 0x000136f8, Max: 0x00050000, ABSOLUTE, COMPRESSED[0x00000324])

    Exec Addr    Load Addr    Size         Type   Attr      Idx    E Section Name        Object

    0x20000000   COMPRESSED   0x000000db   Data   RW          416    .data               stm32746g_discovery_lcd.o
    0x200000db   COMPRESSED   0x00000001   PAD
    0x200000dc   COMPRESSED   0x00000008   Data   RW          419    .data               stm32746g_discovery_lcd.o
    0x200000e4   COMPRESSED   0x00000008   Data   RW          420    .data               stm32746g_discovery_lcd.o
    0x200000ec   COMPRESSED   0x00000008   Data   RW          421    .data               stm32746g_discovery_lcd.o
    0x200000f4   COMPRESSED   0x00000008   Data   RW          422    .data               stm32746g_discovery_lcd.o
    0x200000fc   COMPRESSED   0x00000008   Data   RW          423    .data               stm32746g_discovery_lcd.o
    0x20000104   COMPRESSED   0x00000002   Data   RW          740    .data               stm32746g_discovery_sdram.o
    0x20000106   COMPRESSED   0x00000002   PAD
    0x20000108   COMPRESSED   0x00000004   Data   RW         3634    .data               stm32f7xx_hal.o
    0x2000010c   COMPRESSED   0x0000052e   Data   RW         6512    .data               main.o
    0x2000063a   COMPRESSED   0x00000001   Data   RW         6514    .data               main.o
    0x2000063b   COMPRESSED   0x00000005   Data   RW         7497    .data               fatfs.o
    0x20000640   COMPRESSED   0x00000008   Data   RW         7663    .data               fmc.o
    0x20000648   COMPRESSED   0x00000004   Data   RW         7756    .data               sai.o
    0x2000064c   COMPRESSED   0x00000030   Data   RW         7829    .data               wm8994.o
    0x2000067c   COMPRESSED   0x00000008   Data   RW         7830    .data               wm8994.o
    0x20000684   COMPRESSED   0x00000018   Data   RW         8164    .data               lwip.o
    0x2000069c   COMPRESSED   0x00000008   Data   RW         8232    .data               ethernetif.o
    0x200006a4   COMPRESSED   0x0000003e   Data   RW         8303    .data               net.o
    0x200006e2   COMPRESSED   0x00000002   PAD
    0x200006e4   COMPRESSED   0x00000004   Data   RW         8464    .data               system_stm32f7xx.o
    0x200006e8   COMPRESSED   0x00000008   Data   RW         8590    .data               ff.o
    0x200006f0   COMPRESSED   0x00000001   Data   RW         9016    .data               sd_diskio.o
    0x200006f1   COMPRESSED   0x00000003   PAD
    0x200006f4   COMPRESSED   0x00000024   Data   RW         9082    .data               tcp_in.o
    0x20000718   COMPRESSED   0x0000000c   Data   RW         9299    .data               mem.o
    0x20000724   COMPRESSED   0x00000020   Data   RW         9416    .data               tcp.o
    0x20000744   COMPRESSED   0x00000001   Data   RW        10047    .data               pbuf.o
    0x20000745   COMPRESSED   0x00000003   PAD
    0x20000748   COMPRESSED   0x00000008   Data   RW        10229    .data               ip4_frag.o
    0x20000750   COMPRESSED   0x0000000c   Data   RW        10345    .data               timeouts.o
    0x2000075c   COMPRESSED   0x00000001   Data   RW        10826    .data               etharp.o
    0x2000075d   COMPRESSED   0x00000003   PAD
    0x20000760   COMPRESSED   0x0000000c   Data   RW        10925    .data               netif.o
    0x2000076c   COMPRESSED   0x00000008   Data   RW        11383    .data               udp.o
    0x20000774   COMPRESSED   0x00000002   Data   RW        11493    .data               ip4.o
    0x20000776   COMPRESSED   0x00000002   PAD
    0x20000778   COMPRESSED   0x00000004   Data   RW        11622    .data               memp.o
    0x2000077c   COMPRESSED   0x00000004   Data   RW        11623    .data               memp.o
    0x20000780   COMPRESSED   0x00000004   Data   RW        11624    .data               memp.o
    0x20000784   COMPRESSED   0x00000004   Data   RW        11625    .data               memp.o
    0x20000788   COMPRESSED   0x00000004   Data   RW        11626    .data               memp.o
    0x2000078c   COMPRESSED   0x00000004   Data   RW        11627    .data               memp.o
    0x20000790   COMPRESSED   0x00000004   Data   RW        11628    .data               memp.o
    0x20000794   COMPRESSED   0x00000004   Data   RW        11629    .data               memp.o
    0x20000798   COMPRESSED   0x00000004   Data   RW        11630    .data               memp.o
    0x2000079c        -       0x00000098   Zero   RW           43    .bss                stm32746g_discovery.o
    0x20000834        -       0x00000184   Zero   RW          406    .bss                stm32746g_discovery_lcd.o
    0x200009b8        -       0x00000120   Zero   RW          739    .bss                stm32746g_discovery_sdram.o
    0x20000ad8        -       0x0000004c   Zero   RW          830    .bss                stm32746g_discovery_qspi.o
    0x20000b24        -       0x00007b5c   Zero   RW         6508    .bss                main.o
    0x20008680        -       0x00000084   Zero   RW         7534    .bss                sdmmc.o
    0x20008704        -       0x00000040   Zero   RW         7576    .bss                dma2d.o
    0x20008744        -       0x000000a8   Zero   RW         7618    .bss                ltdc.o
    0x200087ec        -       0x00000034   Zero   RW         7662    .bss                fmc.o
    0x20008820        -       0x0000004c   Zero   RW         7713    .bss                i2c.o
    0x2000886c        -       0x00000084   Zero   RW         7755    .bss                sai.o
    0x200088f0        -       0x000000c0   Zero   RW         7920    .bss                tim.o
    0x200089b0        -       0x0000004c   Zero   RW         8076    .bss                quadspi.o
    0x200089fc        -       0x00000070   Zero   RW         8118    .bss                usart.o
    0x20008a6c        -       0x00000030   Zero   RW         8163    .bss                lwip.o
    0x20008a9c        -       0x00003278   Zero   RW         8231    .bss                ethernetif.o
    0x2000bd14        -       0x000000c4   Zero   RW         8343    .bss                spi.o
    0x2000bdd8        -       0x000000d8   Zero   RW         8387    .bss                adc.o
    0x2000beb0        -       0x00000200   Zero   RW         8588    .bss                ff.o
    0x2000c0b0        -       0x0000000c   Zero   RW         8964    .bss                ff_gen_drv.o
    0x2000c0bc        -       0x00000010   Zero   RW         9081    .bss                tcp_in.o
    0x2000c0cc        -       0x00000653   Zero   RW         9298    .bss                mem.o
    0x2000c71f   COMPRESSED   0x00000001   PAD
    0x2000c720        -       0x00000018   Zero   RW        10469    .bss                ip.o
    0x2000c738        -       0x000000f0   Zero   RW        10825    .bss                etharp.o
    0x2000c828        -       0x000000a3   Zero   RW        11603    .bss                memp.o
    0x2000c8cb        -       0x000002fb   Zero   RW        11604    .bss                memp.o
    0x2000cbc6        -       0x000000e3   Zero   RW        11605    .bss                memp.o
    0x2000cca9        -       0x00000103   Zero   RW        11606    .bss                memp.o
    0x2000cdac        -       0x000000a3   Zero   RW        11607    .bss                memp.o
    0x2000ce4f        -       0x0000016b   Zero   RW        11608    .bss                memp.o
    0x2000cfba        -       0x00000033   Zero   RW        11609    .bss                memp.o
    0x2000cfed        -       0x00000103   Zero   RW        11610    .bss                memp.o
    0x2000d0f0        -       0x00002603   Zero   RW        11611    .bss                memp.o
    0x2000f6f3   COMPRESSED   0x00000005   PAD
    0x2000f6f8        -       0x00004000   Zero   RW            1    STACK               startup_stm32f746xx.o


    Execution Region RW_IRAM2 (Exec base: 0xc0000000, Load base: 0x0802cd4c, Size: 0x00670000, Max: 0x00800000, ABSOLUTE, COMPRESSED[0x0000ced0])

    Exec Addr    Load Addr    Size         Type   Attr      Idx    E Section Name        Object

    0xc0000000   COMPRESSED   0x00670000   Data   RW         6519    .sdram              main.o



  Load Region LR_QSPI (Base: 0x90000000, Size: 0x0047aa70, Max: 0x01000000, ABSOLUTE)

    Execution Region ER_QSPI (Exec base: 0x90000000, Load base: 0x90000000, Size: 0x0047aa70, Max: 0x01000000, ABSOLUTE)

    Exec Addr    Load Addr    Size         Type   Attr      Idx    E Section Name        Object

    0x90000000   0x90000000   0x0047a99d   Data   RO         6516    .qspi_data          main.o
    0x9047a99d   0x9047a99d   0x00000003   PAD
    0x9047a9a0   0x9047a9a0   0x000000ce   Data   RW         6517    .qspi_data          main.o


==============================================================================

Image component sizes


      Code (inc. data)   RO Data    RW Data    ZI Data      Debug   Object Name

       520        104          0          0        216       2991   adc.o
       162         26          0          0          0       3889   bsp_driver_sd.o
        34          0          0          0          0       1094   def.o
       160         26          0          0          0       3637   diskio.o
        44          4          0          0          0        734   dma.o
       128         28          0          0         64       1521   dma2d.o
      1620         66          0          1        240      12735   etharp.o
       250          4         12          0          0       2682   ethernet.o
      1340        118          0          8      12920       7456   ethernetif.o
        28         12          0          5          0        990   fatfs.o
      8866        106        170          8        512      60303   ff.o
        78          4          0          0         12       1623   ff_gen_drv.o
       324         58          0          8         52       2152   fmc.o
       756         52          0          0          0       1483   gpio.o
       240         46          0          0         76       2097   i2c.o
       434          6          0          0          0       3962   icmp.o
        30          0          0          0          0        552   init.o
         0          0          0          0         24       2986   ip.o
       812         28          0          2          0       5256   ip4.o
        80          0          4          0          0       6954   ip4_addr.o
      1518         40          0          8          0      12018   ip4_frag.o
       436         52          0          0        168       1830   ltdc.o
       236         24          0         24         48       1962   lwip.o
     89540       8054    4698951    6751741      31580     194080   main.o
       624         30          0         12       1619       5697   mem.o
       152         14        144         36      11979       9894   memp.o
       224         16          0         62          0       1864   net.o
       362         18          0         12          0       9559   netif.o
      1304         26          0          1          0      24110   pbuf.o
       320         70          0          0         76       2258   quadspi.o
       252         44          0          4        132       1684   sai.o
       276         32         20          1          0       4816   sd_diskio.o
       132         20          0          0        132       1548   sdmmc.o
       288         64          0          0        196       1718   spi.o
        36          8        456          0      16384        828   startup_stm32f746xx.o
       634         56          0          0        152     955638   stm32746g_discovery.o
      2500        254      15359        259        388      28238   stm32746g_discovery_lcd.o
       958         36          0          0         76       8558   stm32746g_discovery_qspi.o
       628         66          0          2        288       4370   stm32746g_discovery_sdram.o
       112         18          0          4          0       3715   stm32f7xx_hal.o
      1032         34          0          0          0       4202   stm32f7xx_hal_adc.o
       246         14          0          0          0      36825   stm32f7xx_hal_cortex.o
      1390         26          8          0          0       8243   stm32f7xx_hal_dma.o
       900          8          0          0          0       6719   stm32f7xx_hal_dma2d.o
      2276         56          0          0          0      13735   stm32f7xx_hal_eth.o
       996         28          0          0          0       4357   stm32f7xx_hal_gpio.o
      1958         22          0          0          0      14742   stm32f7xx_hal_i2c.o
       176          0          0          0          0       1959   stm32f7xx_hal_i2c_ex.o
       918          4          0          0          0       4535   stm32f7xx_hal_ltdc.o
        88          0          0          0          0        514   stm32f7xx_hal_msp.o
       128         10          0          0          0       1284   stm32f7xx_hal_pwr_ex.o
      1974          4          0          0          0      11382   stm32f7xx_hal_qspi.o
      1904         82          0          0          0       6428   stm32f7xx_hal_rcc.o
      2204         62          0          0          0       4009   stm32f7xx_hal_rcc_ex.o
      1958         56          0          0          0      11498   stm32f7xx_hal_sai.o
      2982          0          0          0          0      15660   stm32f7xx_hal_sd.o
       162          0          0          0          0       2764   stm32f7xx_hal_sdram.o
      1030         12          0          0          0       8532   stm32f7xx_hal_spi.o
      2000         22          0          0          0      18241   stm32f7xx_hal_tim.o
       600          0          0          0          0       5010   stm32f7xx_hal_tim_ex.o
      1508         36          0          0          0       5901   stm32f7xx_hal_uart.o
        26          6          0          0          0        952   stm32f7xx_it.o
       324          0          0          0          0       3620   stm32f7xx_ll_fmc.o
      1830         38          0          0          0      24192   stm32f7xx_ll_sdmmc.o
        88         24         24          4          0       1135   system_stm32f7xx.o
      2574        102        201         32          0      30451   tcp.o
      4728        124          0         36         16      23651   tcp_in.o
      1960         10          0          0          0      21698   tcp_out.o
       592         88          0          0        192       4130   tim.o
       448         64         24         12          0       5751   timeouts.o
      1106         40          0          8          0      12569   udp.o
       192         36          0          0        112       1630   usart.o
      2902         26          0         56          0      10878   wm8994.o

    ----------------------------------------------------------------------
    159740      10668    4715428    6752364      77660    1726679   Object Totals
         0          0         48          0          0          0   (incl. Generated)
       102          4          7         18          6          0   (incl. Padding)

    ----------------------------------------------------------------------

      Code (inc. data)   RO Data    RW Data    ZI Data      Debug   Library Member Name

        86          0          0          0          0          0   __dczerorl2.o
         0          0          0          0          0          0   entry.o
         0          0          0          0          0          0   entry10a.o
         0          0          0          0          0          0   entry11a.o
         4          0          0          0          0          0   entry12b.o
         8          4          0          0          0          0   entry2.o
         4          0          0          0          0          0   entry5.o
         0          0          0          0          0          0   entry7b.o
         0          0          0          0          0          0   entry8b.o
         8          4          0          0          0          0   entry9a.o
        30          0          0          0          0          0   handlers.o
        36          8          0          0          0         68   init.o
         0          0          0          0          0          0   iusefp.o
        98          0          0          0          0         84   ldiv.o
        30          0          0          0          0         68   llshl.o
        36          0          0          0          0         68   llsshr.o
        32          0          0          0          0         68   llushr.o
        26          0          0          0          0         80   memcmp.o
        36          0          0          0          0         68   memcpya.o
        36          0          0          0          0        108   memseta.o
      2236         86          0          0          0        532   printfa.o
        14          0          0          0          0         68   strlen.o
        44          0          0          0          0         80   uidiv.o
        98          0          0          0          0         92   uldiv.o
        48          0          0          0          0         68   cdrcmple.o
        56          0          0          0          0         88   d2f.o
       334          0          0          0          0        148   dadd.o
       222          0          0          0          0        100   ddiv.o
       186          0          0          0          0        176   depilogue.o
        48          0          0          0          0         68   dfixul.o
       228          0          0          0          0         96   dmul.o
        38          0          0          0          0         68   f2d.o
       110          0          0          0          0        168   fepilogue.o

    ----------------------------------------------------------------------
      4136        102          0          0          0       2364   Library Totals
         4          0          0          0          0          0   (incl. Padding)

    ----------------------------------------------------------------------

      Code (inc. data)   RO Data    RW Data    ZI Data      Debug   Library Name

      2862        102          0          0          0       1384   mc_w.l
      1270          0          0          0          0        980   mf_w.l

    ----------------------------------------------------------------------
      4136        102          0          0          0       2364   Library Totals

    ----------------------------------------------------------------------

==============================================================================


      Code (inc. data)   RO Data    RW Data    ZI Data      Debug   

    163876      10770    4715428    6752364      77660    1665131   Grand Totals
    163876      10770    4715428      53956      77660    1665131   ELF Image Totals (compressed)
    163876      10770    4715428      53956          0          0   ROM Totals

==============================================================================

    Total RO  Size (Code + RO Data)              4879304 (4764.95kB)
    Total RW  Size (RW Data + ZI Data)           6830024 (6669.95kB)
    Total ROM Size (Code + RO Data + RW Data)    4933260 (4817.64kB)

==============================================================================

